Microchip MPLAB XC8 Compiler V2.10 ()

Linker command line:

-W-3 --edf=C:\Program Files (x86)\Microchip\xc8\v2.10\pic\dat\en_msgs.txt \
  -cs -h+dist/default/production\pic_test.X.production.sym \
  --cmf=dist/default/production\pic_test.X.production.cmf -z -Q16F877A \
  -oC:\Users\Hassan\AppData\Local\Temp\s3fo.2 --defsym=__MPLAB_BUILD=1 \
  -Mdist/default/production/pic_test.X.production.map -E1 -ver=XC8 \
  --acfsm=1493 -ASTACK=0110h-016Fh -pstack=STACK -ACODE=00h-07FFhx4 \
  -ASTRCODE=00h-01FFFh -ASTRING=00h-0FFhx32 -ACONST=00h-0FFhx32 \
  -AENTRY=00h-0FFhx32 -ACOMMON=070h-07Fh -ABANK0=020h-06Fh \
  -ABANK1=0A0h-0EFh -ABANK2=0110h-016Fh -ABANK3=0190h-01EFh \
  -ARAM=020h-06Fh,0A0h-0EFh,0110h-016Fh,0190h-01EFh \
  -AABS1=020h-07Fh,0A0h-0EFh,0110h-016Fh,0190h-01EFh -ASFR0=00h-01Fh \
  -ASFR1=080h-09Fh -ASFR2=0100h-010Fh -ASFR3=0180h-018Fh \
  -preset_vec=00h,intentry=04h,init,end_init -ppowerup=CODE -pcinit=CODE \
  -pfunctab=ENTRY -ACONFIG=02007h-02007h -pconfig=CONFIG -DCONFIG=2 \
  -AIDLOC=02000h-02003h -pidloc=IDLOC -DIDLOC=2 -AEEDATA=00h-0FFh/02100h \
  -peeprom_data=EEDATA -DEEDATA=2 -DCODE=2 -DSTRCODE=2 -DSTRING=2 -DCONST=2 \
  -DENTRY=2 -k C:\Users\Hassan\AppData\Local\Temp\s3fo.o \
  dist/default/production\pic_test.X.production.o 

Object code version is 3.11

Machine type is 16F877A



                Name                               Link     Load   Length Selector   Space Scale
C:\Users\Hassan\AppData\Local\Temp\s3fo.o
                end_init                             12       12        3        8       0
                reset_vec                             0        0        3        0       0
                config                             2007     2007        1     400E       0
dist/default/production\pic_test.X.production.o
                cinit                                15       15       10        8       0
                functab                              25       25       16       4A       0
                intentry                              4        4        E        8       0
                text37                              D68      D68       15     1AD0       0
                text36                              211      211       CF       76       0
                text35                              72F      72F       5A       76       0
                text34                              D36      D36        D     1A6C       0
                text33                              D7D      D7D       17     1AFA       0
                text32                              D43      D43       12     1A86       0
                text31                              D55      D55       13     1AAA       0
                text30                              DAB      DAB       19     1B56       0
                text29                              D2A      D2A        C     1A54       0
                text28                              D0F      D0F        9     1A1E       0
                text27                              D18      D18        9     1A30       0
                text26                              D21      D21        9     1A42       0
                text25                              FB6      FB6       4A     1F6C       0
                text24                               3B       3B       F5       76       0
                text23                              E39      E39       2C     1C72       0
                text22                              D94      D94       17     1B28       0
                text21                              4A5      4A5       8C       76       0
                text20                              DE7      DE7       29     1BCE       0
                text19                              7E0      7E0       1A       76       0
                text18                              E92      E92       35     1D24       0
                text17                              5A4      5A4       66       76       0
                text16                              F70      F70       46     1EE0       0
                text15                              F34      F34       3C     1E68       0
                text14                              6D1      6D1       5E       76       0
                text13                              E65      E65       2D     1CCA       0
                text12                              66F      66F       62       76       0
                text11                              130      130       E1       76       0
                text10                              789      789       57       76       0
                text9                               DC4      DC4       23     1B88       0
                text8                               531      531       73       76       0
                text7                               2E0      2E0       A7       76       0
                text6                               387      387       91       76       0
                text5                               60A      60A       65       76       0
                text4                               CFF      CFF        8     19FE       0
                text3                               E10      E10       29     1C20       0
                text2                               EFD      EFD       37     1DFA       0
                text1                               EC7      EC7       36     1D8E       0
                maintext                            418      418       8D       76       0
                cstackBANK0                          4A       4A       1E       20       1
                cstackCOMMON                         70       70        B       70       1
                clrtext                             D07      D07        8     1A0E       0
                bssBANK0                             20       20       2A       20       1
                bssCOMMON                            7B       7B        3       70       1

TOTAL           Name                               Link     Load   Length     Space
        CLASS   STACK          

        CLASS   CODE           
                end_init                             12       12        3         0
                cinit                                15       15       10         0
                intentry                              4        4        E         0
                reset_vec                             0        0        3         0
                text37                              D68      D68       15         0
                text36                              211      211       CF         0
                text35                              72F      72F       5A         0
                text34                              D36      D36        D         0
                text33                              D7D      D7D       17         0
                text32                              D43      D43       12         0
                text31                              D55      D55       13         0
                text30                              DAB      DAB       19         0
                text29                              D2A      D2A        C         0
                text28                              D0F      D0F        9         0
                text27                              D18      D18        9         0
                text26                              D21      D21        9         0
                text25                              FB6      FB6       4A         0
                text24                               3B       3B       F5         0
                text23                              E39      E39       2C         0
                text22                              D94      D94       17         0
                text21                              4A5      4A5       8C         0
                text20                              DE7      DE7       29         0
                text19                              7E0      7E0       1A         0
                text18                              E92      E92       35         0
                text17                              5A4      5A4       66         0
                text16                              F70      F70       46         0
                text15                              F34      F34       3C         0
                text14                              6D1      6D1       5E         0
                text13                              E65      E65       2D         0
                text12                              66F      66F       62         0
                text11                              130      130       E1         0
                text10                              789      789       57         0
                text9                               DC4      DC4       23         0
                text8                               531      531       73         0
                text7                               2E0      2E0       A7         0
                text6                               387      387       91         0
                text5                               60A      60A       65         0
                text4                               CFF      CFF        8         0
                text3                               E10      E10       29         0
                text2                               EFD      EFD       37         0
                text1                               EC7      EC7       36         0
                maintext                            418      418       8D         0
                clrtext                             D07      D07        8         0

        CLASS   STRCODE        

        CLASS   STRING         

        CLASS   CONST          

        CLASS   ENTRY          
                functab                              25       25       16         0

        CLASS   COMMON         
                cstackCOMMON                         70       70        B         1
                bssCOMMON                            7B       7B        3         1

        CLASS   BANK0          
                cstackBANK0                          4A       4A       1E         1
                bssBANK0                             20       20       2A         1

        CLASS   BANK1          

        CLASS   BANK2          

        CLASS   BANK3          

        CLASS   RAM            

        CLASS   ABS1           
                abs_s1                               7E       7E        2         1

        CLASS   SFR0           

        CLASS   SFR1           

        CLASS   SFR2           

        CLASS   SFR3           

        CLASS   CONFIG         
                config                             2007     2007        1         0

        CLASS   IDLOC          

        CLASS   EEDATA         



SEGMENTS        Name                           Load    Length   Top    Selector   Space  Class     Delta

                reset_vec                      000000  000003  000003         0       0  CODE        2
                intentry                       000004  000021  000025         8       0  CODE        2
                bssBANK0                       000020  000048  000068        20       1  BANK0       1
                functab                        000025  000016  00003B        4A       0  ENTRY       2
                cstackCOMMON                   000070  00000E  00007E        70       1  COMMON      1
                text24                         00003B  0007BF  0007FA        76       0  CODE        2
                text4                          000CFF  000008  000D07      19FE       0  CODE        2
                clrtext                        000D07  000008  000D0F      1A0E       0  CODE        2
                text28                         000D0F  000009  000D18      1A1E       0  CODE        2
                text27                         000D18  000009  000D21      1A30       0  CODE        2
                text26                         000D21  000009  000D2A      1A42       0  CODE        2
                text29                         000D2A  00000C  000D36      1A54       0  CODE        2
                text34                         000D36  00000D  000D43      1A6C       0  CODE        2
                text32                         000D43  000012  000D55      1A86       0  CODE        2
                text31                         000D55  000013  000D68      1AAA       0  CODE        2
                text37                         000D68  000015  000D7D      1AD0       0  CODE        2
                text33                         000D7D  000017  000D94      1AFA       0  CODE        2
                text22                         000D94  000017  000DAB      1B28       0  CODE        2
                text30                         000DAB  000019  000DC4      1B56       0  CODE        2
                text9                          000DC4  000023  000DE7      1B88       0  CODE        2
                text20                         000DE7  000029  000E10      1BCE       0  CODE        2
                text3                          000E10  000029  000E39      1C20       0  CODE        2
                text23                         000E39  00002C  000E65      1C72       0  CODE        2
                text13                         000E65  00002D  000E92      1CCA       0  CODE        2
                text18                         000E92  000035  000EC7      1D24       0  CODE        2
                text1                          000EC7  000036  000EFD      1D8E       0  CODE        2
                text2                          000EFD  000037  000F34      1DFA       0  CODE        2
                text15                         000F34  00003C  000F70      1E68       0  CODE        2
                text16                         000F70  000046  000FB6      1EE0       0  CODE        2
                text25                         000FB6  00004A  001000      1F6C       0  CODE        2
                config                         002007  000001  002008      400E       0  CONFIG      2


UNUSED ADDRESS RANGES

        Name                Unused          Largest block    Delta
        BANK0            0068-006F              8           1
        BANK1            00A0-00EF             50           1
        BANK2            0110-016F             60           1
        BANK3            0190-01EF             60           1
        CODE             0003-0003              1           2
                         07FA-0CFE              6
                         1000-1FFF            800
        CONST            0003-0003              1           2
                         07FA-0CFE            100
                         1000-1FFF            100
        EEDATA           2100-21FF            100           2
        ENTRY            0003-0003              1           2
                         07FA-0CFE            100
                         1000-1FFF            100
        IDLOC            2000-2003              4           2
        RAM              0068-006F              8           1
                         00A0-00EF             50
                         0110-016F             60
                         0190-01EF             60
        SFR0             0000-001F             20           1
        SFR1             0080-009F             20           1
        SFR2             0100-010F             10           1
        SFR3             0180-018F             10           1
        STACK            0110-016F             60           1
        STRCODE          0003-0003              1           2
                         07FA-0CFE            505
                         1000-1FFF           1000
        STRING           0003-0003              1           2
                         07FA-0CFE            100
                         1000-1FFF            100

                                  Symbol Table

?___lwdiv                                                  cstackBANK0  0050
?___lwmod                                                  cstackBANK0  0050
_ACKDT                                                     (abs)        048D
_ACKEN                                                     (abs)        048C
_ACKSTAT                                                   (abs)        048E
_EEADR                                                     (abs)        010D
_EECON2                                                    (abs)        018D
_EEDATA                                                    (abs)        010C
_GIE                                                       (abs)        005F
_PEIE                                                      (abs)        005E
_PEN                                                       (abs)        048A
_PIR1                                                      (abs)        000C
_PORTA                                                     (abs)        0005
_PORTB                                                     (abs)        0006
_PORTC                                                     (abs)        0007
_PORTD                                                     (abs)        0008
_PORTE                                                     (abs)        0009
_PS0                                                       (abs)        0408
_PS1                                                       (abs)        0409
_PS2                                                       (abs)        040A
_PSA                                                       (abs)        040B
_RCEN                                                      (abs)        048B
_RD                                                        (abs)        0C60
_RSEN                                                      (abs)        0489
_SEN                                                       (abs)        0488
_SSPADD                                                    (abs)        0093
_SSPBUF                                                    (abs)        0013
_SSPCON2                                                   (abs)        0091
_SSPEN                                                     (abs)        00A5
_SSPIF                                                     (abs)        0063
_SSPM0                                                     (abs)        00A0
_SSPM1                                                     (abs)        00A1
_SSPM2                                                     (abs)        00A2
_SSPM3                                                     (abs)        00A3
_SSPSTAT                                                   (abs)        0094
_T0CS                                                      (abs)        040D
_TMR0IE                                                    (abs)        005D
_TMR0IF                                                    (abs)        005A
_TMR1IF                                                    (abs)        0060
_TMR2IF                                                    (abs)        0061
_TRISA                                                     (abs)        0085
_TRISB                                                     (abs)        0086
_TRISC                                                     (abs)        0087
_TRISD                                                     (abs)        0088
_TRISE                                                     (abs)        0089
_WR                                                        (abs)        0C61
_WREN                                                      (abs)        0C62
__CFG_BOREN$ON                                             (abs)        0000
__CFG_CP$OFF                                               (abs)        0000
__CFG_CPD$OFF                                              (abs)        0000
__CFG_FOSC$HS                                              (abs)        0000
__CFG_LVP$OFF                                              (abs)        0000
__CFG_PWRTE$ON                                             (abs)        0000
__CFG_WDTE$OFF                                             (abs)        0000
__CFG_WRT$OFF                                              (abs)        0000
__Habs1                                                    abs1         0000
__Hbank0                                                   bank0        0000
__Hbank1                                                   bank1        0000
__Hbank2                                                   bank2        0000
__Hbank3                                                   bank3        0000
__HbssBANK0                                                bssBANK0     0000
__HbssCOMMON                                               bssCOMMON    0000
__Hcinit                                                   cinit        0025
__Hclrtext                                                 clrtext      0000
__Hcode                                                    code         0000
__Hcommon                                                  common       0000
__Hconfig                                                  config       2008
__HcstackBANK0                                             cstackBANK0  0000
__HcstackCOMMON                                            cstackCOMMON 0000
__Heeprom_data                                             eeprom_data  0000
__Hend_init                                                end_init     0015
__Hfunctab                                                 functab      003B
__Hidloc                                                   idloc        0000
__Hinit                                                    init         0012
__Hintentry                                                intentry     0012
__Hmaintext                                                maintext     0000
__Hpowerup                                                 powerup      0000
__Hram                                                     ram          0000
__Hreset_vec                                               reset_vec    0003
__Hsfr0                                                    sfr0         0000
__Hsfr1                                                    sfr1         0000
__Hsfr2                                                    sfr2         0000
__Hsfr3                                                    sfr3         0000
__Hspace_0                                                 (abs)        2008
__Hspace_1                                                 (abs)        007E
__Hspace_2                                                 (abs)        0000
__Hspace_3                                                 (abs)        0000
__Hstack                                                   stack        0000
__Hstrings                                                 strings      0000
__Htext                                                    text         0000
__Labs1                                                    abs1         0000
__Lbank0                                                   bank0        0000
__Lbank1                                                   bank1        0000
__Lbank2                                                   bank2        0000
__Lbank3                                                   bank3        0000
__LbssBANK0                                                bssBANK0     0000
__LbssCOMMON                                               bssCOMMON    0000
__Lcinit                                                   cinit        0015
__Lclrtext                                                 clrtext      0000
__Lcode                                                    code         0000
__Lcommon                                                  common       0000
__Lconfig                                                  config       2007
__LcstackBANK0                                             cstackBANK0  0000
__LcstackCOMMON                                            cstackCOMMON 0000
__Leeprom_data                                             eeprom_data  0000
__Lend_init                                                end_init     0012
__Lfunctab                                                 functab      0025
__Lidloc                                                   idloc        0000
__Linit                                                    init         0012
__Lintentry                                                intentry     0004
__Lmaintext                                                maintext     0000
__Lpowerup                                                 powerup      0000
__Lram                                                     ram          0000
__Lreset_vec                                               reset_vec    0000
__Lsfr0                                                    sfr0         0000
__Lsfr1                                                    sfr1         0000
__Lsfr2                                                    sfr2         0000
__Lsfr3                                                    sfr3         0000
__Lspace_0                                                 (abs)        0000
__Lspace_1                                                 (abs)        0000
__Lspace_2                                                 (abs)        0000
__Lspace_3                                                 (abs)        0000
__Lstack                                                   stack        0000
__Lstrings                                                 strings      0000
__Ltext                                                    text         0000
__S0                                                       (abs)        2008
__S1                                                       (abs)        007E
__S2                                                       (abs)        0000
__S3                                                       (abs)        0000
___bmul                                                    text22       0D94
___bmul@multiplicand                                       cstackBANK0  0050
___bmul@multiplier                                         cstackBANK0  0053
___bmul@product                                            cstackBANK0  0052
___int_sp                                                  stack        0000
___latbits                                                 (abs)        0002
___lwdiv                                                   text16       0F70
___lwdiv@counter                                           cstackBANK0  0057
___lwdiv@dividend                                          cstackBANK0  0052
___lwdiv@divisor                                           cstackBANK0  0050
___lwdiv@quotient                                          cstackBANK0  0055
___lwmod                                                   text15       0F34
___lwmod@counter                                           cstackBANK0  0055
___lwmod@dividend                                          cstackBANK0  0052
___lwmod@divisor                                           cstackBANK0  0050
___sp                                                      stack        0000
___stackhi                                                 (abs)        0000
___stacklo                                                 (abs)        0000
__end_of___bmul                                            text22       0DAB
__end_of___lwdiv                                           text16       0FB6
__end_of___lwmod                                           text15       0F70
__end_of__fptable                                          functab      0032
__end_of__i1fptable                                        functab      003B
__end_of__initialization                                   cinit        0021
__end_of_checkButtons                                      text7        0387
__end_of_dio_u8_read_pin_value                             text19       07FA
__end_of_dio_u8_read_port_value                            text20       0E10
__end_of_dio_vid_set_pin_direction                         text24       0130
__end_of_dio_vid_set_pin_value                             text11       0211
__end_of_dio_vid_set_port_direction                        text2        0F34
__end_of_dio_vid_set_port_value                            text13       0E92
__end_of_eeprom_external_vid_read                          text25       1000
__end_of_eeprom_external_vid_write                         text18       0EC7
__end_of_i2c_u8_master_read_byte                           text33       0D94
__end_of_i2c_u8_master_write_byte                          text32       0D55
__end_of_i2c_u8_master_write_slave_address_with_read_req   text31       0D68
__end_of_i2c_u8_master_write_slave_address_with_write_req  text30       0DC4
__end_of_i2c_vid_master_init                               text23       0E65
__end_of_i2c_vid_nack                                      text29       0D36
__end_of_i2c_vid_restart                                   text28       0D18
__end_of_i2c_vid_start                                     text27       0D21
__end_of_i2c_vid_stop                                      text26       0D2A
__end_of_i2c_vid_wait                                      text34       0D43
__end_of_main                                              maintext     04A5
__end_of_sch_u8_add_task                                   text21       0531
__end_of_sch_update                                        text36       02E0
__end_of_sch_vid_delete_task                               text17       060A
__end_of_sch_vid_dispatch_tasks                            text6        0418
__end_of_sch_vid_init                                      text3        0E39
__end_of_ssd_u8_get_state                                  text14       072F
__end_of_ssd_u8_get_symbol                                 text12       06D1
__end_of_ssd_vid_2_digits_init                             text1        0EFD
__end_of_ssd_vid_2_digits_update                           text8        05A4
__end_of_ssd_vid_set_state                                 text10       07E0
__end_of_ssd_vid_set_symbol                                text9        0DE7
__end_of_timer_isr                                         text35       0789
__end_of_timer_vid_init_0                                  text5        066F
__end_of_timer_vid_set_isr_0                               text4        0D07
__end_ofi1___bmul                                          text37       0D7D
__fptable                                                  functab      0025
__i1fptable                                                functab      0032
__initialization                                           cinit        0015
__pbssBANK0                                                bssBANK0     0020
__pbssCOMMON                                               bssCOMMON    007B
__pcstackBANK0                                             cstackBANK0  004A
__pcstackCOMMON                                            cstackCOMMON 0070
__pfunctab                                                 functab      0025
__pintentry                                                intentry     0004
__pmaintext                                                maintext     0418
__ptext1                                                   text1        0EC7
__ptext10                                                  text10       0789
__ptext11                                                  text11       0130
__ptext12                                                  text12       066F
__ptext13                                                  text13       0E65
__ptext14                                                  text14       06D1
__ptext15                                                  text15       0F34
__ptext16                                                  text16       0F70
__ptext17                                                  text17       05A4
__ptext18                                                  text18       0E92
__ptext19                                                  text19       07E0
__ptext2                                                   text2        0EFD
__ptext20                                                  text20       0DE7
__ptext21                                                  text21       04A5
__ptext22                                                  text22       0D94
__ptext23                                                  text23       0E39
__ptext24                                                  text24       003B
__ptext25                                                  text25       0FB6
__ptext26                                                  text26       0D21
__ptext27                                                  text27       0D18
__ptext28                                                  text28       0D0F
__ptext29                                                  text29       0D2A
__ptext3                                                   text3        0E10
__ptext30                                                  text30       0DAB
__ptext31                                                  text31       0D55
__ptext32                                                  text32       0D43
__ptext33                                                  text33       0D7D
__ptext34                                                  text34       0D36
__ptext35                                                  text35       072F
__ptext36                                                  text36       0211
__ptext37                                                  text37       0D68
__ptext4                                                   text4        0CFF
__ptext5                                                   text5        060A
__ptext6                                                   text6        0387
__ptext7                                                   text7        02E0
__ptext8                                                   text8        0531
__ptext9                                                   text9        0DC4
__size_of___bmul                                           (abs)        0000
__size_of___lwdiv                                          (abs)        0000
__size_of___lwmod                                          (abs)        0000
__size_of__fptable                                         (abs)        0000
__size_of__i1fptable                                       (abs)        0000
__size_of_checkButtons                                     (abs)        0000
__size_of_dio_u8_read_pin_value                            (abs)        0000
__size_of_dio_u8_read_port_value                           (abs)        0000
__size_of_dio_vid_set_pin_direction                        (abs)        0000
__size_of_dio_vid_set_pin_value                            (abs)        0000
__size_of_dio_vid_set_port_direction                       (abs)        0000
__size_of_dio_vid_set_port_value                           (abs)        0000
__size_of_eeprom_external_vid_read                         (abs)        0000
__size_of_eeprom_external_vid_write                        (abs)        0000
__size_of_i2c_u8_master_read_byte                          (abs)        0000
__size_of_i2c_u8_master_write_byte                         (abs)        0000
__size_of_i2c_u8_master_write_slave_address_with_read_req  (abs)        0000
__size_of_i2c_u8_master_write_slave_address_with_write_req (abs)        0000
__size_of_i2c_vid_master_init                              (abs)        0000
__size_of_i2c_vid_nack                                     (abs)        0000
__size_of_i2c_vid_restart                                  (abs)        0000
__size_of_i2c_vid_start                                    (abs)        0000
__size_of_i2c_vid_stop                                     (abs)        0000
__size_of_i2c_vid_wait                                     (abs)        0000
__size_of_main                                             (abs)        0000
__size_of_sch_u8_add_task                                  (abs)        0000
__size_of_sch_update                                       (abs)        0000
__size_of_sch_vid_delete_task                              (abs)        0000
__size_of_sch_vid_dispatch_tasks                           (abs)        0000
__size_of_sch_vid_init                                     (abs)        0000
__size_of_ssd_u8_get_state                                 (abs)        0000
__size_of_ssd_u8_get_symbol                                (abs)        0000
__size_of_ssd_vid_2_digits_init                            (abs)        0000
__size_of_ssd_vid_2_digits_update                          (abs)        0000
__size_of_ssd_vid_set_state                                (abs)        0000
__size_of_ssd_vid_set_symbol                               (abs)        0000
__size_of_timer_isr                                        (abs)        0000
__size_of_timer_vid_init_0                                 (abs)        0000
__size_of_timer_vid_set_isr_0                              (abs)        0000
__size_ofi1___bmul                                         (abs)        0000
_buttonPressedFlag                                         bssBANK0     0049
_checkButtons                                              text7        02E0
_dio_u8_read_pin_value                                     text19       07E0
_dio_u8_read_port_value                                    text20       0DE7
_dio_vid_set_pin_direction                                 text24       003B
_dio_vid_set_pin_value                                     text11       0130
_dio_vid_set_port_direction                                text2        0EFD
_dio_vid_set_port_value                                    text13       0E65
_eeprom_external_vid_read                                  text25       0FB6
_eeprom_external_vid_write                                 text18       0E92
_i2c_u8_master_read_byte                                   text33       0D7D
_i2c_u8_master_write_byte                                  text32       0D43
_i2c_u8_master_write_slave_address_with_read_req           text31       0D55
_i2c_u8_master_write_slave_address_with_write_req          text30       0DAB
_i2c_vid_master_init                                       text23       0E39
_i2c_vid_nack                                              text29       0D2A
_i2c_vid_restart                                           text28       0D0F
_i2c_vid_start                                             text27       0D18
_i2c_vid_stop                                              text26       0D21
_i2c_vid_wait                                              text34       0D36
_main                                                      maintext     0418
_sch_tasks                                                 bssBANK0     0020
_sch_u8_add_task                                           text21       04A5
_sch_update                                                text36       0211
_sch_vid_delete_task                                       text17       05A4
_sch_vid_dispatch_tasks                                    text6        0387
_sch_vid_init                                              text3        0E10
_ssdNumber                                                 bssBANK0     0047
_ssd_u8_get_state                                          text14       06D1
_ssd_u8_get_symbol                                         text12       066F
_ssd_vid_2_digits_init                                     text1        0EC7
_ssd_vid_2_digits_update                                   text8        0531
_ssd_vid_set_state                                         text10       0789
_ssd_vid_set_symbol                                        text9        0DC4
_timer0_isr                                                bssCOMMON    007D
_timer1_isr                                                bssCOMMON    007C
_timer2_isr                                                bssCOMMON    007B
_timer_isr                                                 text35       072F
_timer_vid_init_0                                          text5        060A
_timer_vid_set_isr_0                                       text4        0CFF
btemp                                                      (abs)        007E
clear_ram0                                                 clrtext      0D07
dio_u8_read_pin_value@index                                cstackBANK0  0053
dio_u8_read_pin_value@port                                 cstackBANK0  0056
dio_u8_read_pin_value@portNumber                           cstackBANK0  0055
dio_u8_read_port_value@portNumber                          cstackBANK0  0052
dio_vid_set_pin_direction@direction                        cstackBANK0  0051
dio_vid_set_pin_direction@index                            cstackBANK0  0050
dio_vid_set_pin_direction@portNumber                       cstackBANK0  0054
dio_vid_set_pin_value@index                                cstackBANK0  0050
dio_vid_set_pin_value@portNumber                           cstackBANK0  0054
dio_vid_set_pin_value@value                                cstackBANK0  0051
dio_vid_set_port_direction@direction                       cstackBANK0  0050
dio_vid_set_port_direction@portNumber                      cstackBANK0  0053
dio_vid_set_port_value@portNumber                          cstackBANK0  0053
dio_vid_set_port_value@value                               cstackBANK0  0050
eeprom_external_vid_read@address                           cstackBANK0  0053
eeprom_external_vid_read@data                              cstackBANK0  0054
eeprom_external_vid_write@address                          cstackBANK0  0053
eeprom_external_vid_write@data                             cstackBANK0  0052
end_of_initialization                                      cinit        0021
fpbase                                                     functab      002A
fptable                                                    functab      0025
fptotal                                                    (abs)        0004
i1___bmul                                                  text37       0D68
i1___bmul@multiplicand                                     cstackCOMMON 0070
i1___bmul@multiplier                                       cstackCOMMON 0072
i1___bmul@product                                          cstackCOMMON 0073
i1fpbase                                                   functab      0037
i1fptable                                                  functab      0032
i1fptotal                                                  (abs)        0002
i2c_u8_master_write_byte@data                              cstackBANK0  0050
i2c_u8_master_write_slave_address_with_read_req@address    cstackBANK0  0050
i2c_u8_master_write_slave_address_with_write_req@address   cstackBANK0  0051
interrupt_function                                         intentry     0004
intlevel0                                                  functab      0025
intlevel1                                                  functab      0025
intlevel2                                                  functab      0025
intlevel3                                                  functab      0025
intlevel4                                                  functab      0025
intlevel5                                                  functab      0025
reset_vec                                                  reset_vec    0000
saved_w                                                    (abs)        007E
sch_u8_add_task@delay                                      cstackBANK0  0054
sch_u8_add_task@index                                      cstackBANK0  005F
sch_u8_add_task@period                                     cstackBANK0  0058
sch_u8_add_task@taskFunction                               cstackBANK0  005E
sch_update@index                                           cstackCOMMON 007A
sch_vid_delete_task@index                                  cstackBANK0  0055
sch_vid_dispatch_tasks@index                               cstackBANK0  0065
sch_vid_init@i                                             cstackBANK0  0057
ssd_u8_get_state@ssdNumber                                 cstackBANK0  0059
ssd_u8_get_state@state                                     cstackBANK0  005A
ssd_u8_get_symbol@number                                   cstackBANK0  0052
ssd_u8_get_symbol@symbol                                   cstackBANK0  0053
ssd_vid_2_digits_update@ones                               cstackBANK0  005E
ssd_vid_2_digits_update@tens                               cstackBANK0  005F
ssd_vid_set_state@ssdNumber                                cstackBANK0  0058
ssd_vid_set_state@state                                    cstackBANK0  0055
ssd_vid_set_symbol@number                                  cstackBANK0  0059
ssd_vid_set_symbol@ssdNumber                               cstackBANK0  005B
ssd_vid_set_symbol@symbol                                  cstackBANK0  005C
start                                                      init         0012
start_initialization                                       cinit        0015
timer_vid_init_0@interruptEnable                           cstackBANK0  0052
timer_vid_init_0@prescaler                                 cstackBANK0  0050
timer_vid_set_isr_0@callback_function                      cstackBANK0  0051
wtemp0                                                     (abs)        007E


FUNCTION INFORMATION:

 *************** function _main *****************
 Defined at:
		line 45 in file "main.c"
 Parameters:    Size  Location     Type
		None
 Auto vars:     Size  Location     Type
		None
 Return value:  Size  Location     Type
                  2   37[None  ] int 
 Registers used:
		wreg, fsr0l, fsr0h, status,2, status,0, pclath, cstack
 Tracked objects:
		On entry : 
		On exit  : 
		Unchanged: 
 Data sizes:     COMMON   BANK0   BANK1   BANK3   BANK2
      Params:         0       0       0       0       0
      Locals:         0       0       0       0       0
      Temps:          0       2       0       0       0
      Totals:         0       2       0       0       0
Total ram usage:        2 bytes
 Hardware stack levels required when called:    8
 This function calls:
		___lwmod
		_dio_vid_set_port_direction
		_eeprom_external_vid_read
		_i2c_vid_master_init
		_sch_u8_add_task
		_sch_vid_dispatch_tasks
		_sch_vid_init
		_ssd_vid_2_digits_init
 This function is called by:
		Startup code after reset
 This function uses a non-reentrant model


 *************** function _ssd_vid_2_digits_init *****************
 Defined at:
		line 20 in file "ssd.c"
 Parameters:    Size  Location     Type
		None
 Auto vars:     Size  Location     Type
		None
 Return value:  Size  Location     Type
                  1    wreg      void 
 Registers used:
		wreg, fsr0l, fsr0h, status,2, status,0, pclath, cstack
 Tracked objects:
		On entry : 
		On exit  : 
		Unchanged: 
 Data sizes:     COMMON   BANK0   BANK1   BANK3   BANK2
      Params:         0       0       0       0       0
      Locals:         0       0       0       0       0
      Temps:          0       1       0       0       0
      Totals:         0       1       0       0       0
Total ram usage:        1 bytes
 Hardware stack levels used:    1
 Hardware stack levels required when called:    5
 This function calls:
		_dio_vid_set_pin_direction
		_dio_vid_set_port_direction
		_ssd_vid_set_state
 This function is called by:
		_main
 This function uses a non-reentrant model


 *************** function _dio_vid_set_port_direction *****************
 Defined at:
		line 12 in file "dio.c"
 Parameters:    Size  Location     Type
  portNumber      1    wreg     unsigned char 
  direction       1    6[BANK0 ] unsigned char 
 Auto vars:     Size  Location     Type
  portNumber      1    9[BANK0 ] unsigned char 
 Return value:  Size  Location     Type
                  1    wreg      void 
 Registers used:
		wreg, fsr0l, fsr0h, status,2, status,0
 Tracked objects:
		On entry : 
		On exit  : 
		Unchanged: 
 Data sizes:     COMMON   BANK0   BANK1   BANK3   BANK2
      Params:         0       1       0       0       0
      Locals:         0       1       0       0       0
      Temps:          0       2       0       0       0
      Totals:         0       4       0       0       0
Total ram usage:        4 bytes
 Hardware stack levels used:    1
 Hardware stack levels required when called:    3
 This function calls:
		Nothing
 This function is called by:
		_main
		_ssd_vid_2_digits_init
 This function uses a non-reentrant model


 *************** function _sch_vid_init *****************
 Defined at:
		line 19 in file "scheduler.c"
 Parameters:    Size  Location     Type
		None
 Auto vars:     Size  Location     Type
  i               1   13[BANK0 ] unsigned char 
 Return value:  Size  Location     Type
                  1    wreg      void 
 Registers used:
		wreg, fsr0l, fsr0h, status,2, status,0, pclath, cstack
 Tracked objects:
		On entry : 
		On exit  : 
		Unchanged: 
 Data sizes:     COMMON   BANK0   BANK1   BANK3   BANK2
      Params:         0       0       0       0       0
      Locals:         0       1       0       0       0
      Temps:          0       1       0       0       0
      Totals:         0       2       0       0       0
Total ram usage:        2 bytes
 Hardware stack levels used:    1
 Hardware stack levels required when called:    5
 This function calls:
		_sch_vid_delete_task
		_timer_vid_init_0
		_timer_vid_set_isr_0
 This function is called by:
		_main
 This function uses a non-reentrant model


 *************** function _timer_vid_set_isr_0 *****************
 Defined at:
		line 36 in file "timer.c"
 Parameters:    Size  Location     Type
  callback_fun    1    wreg     PTR FTN()void 
		 -> sch_update(1), 
 Auto vars:     Size  Location     Type
  callback_fun    1    7[BANK0 ] PTR FTN()void 
		 -> sch_update(1), 
 Return value:  Size  Location     Type
                  1    wreg      void 
 Registers used:
		wreg
 Tracked objects:
		On entry : 
		On exit  : 
		Unchanged: 
 Data sizes:     COMMON   BANK0   BANK1   BANK3   BANK2
      Params:         0       0       0       0       0
      Locals:         0       1       0       0       0
      Temps:          0       1       0       0       0
      Totals:         0       2       0       0       0
Total ram usage:        2 bytes
 Hardware stack levels used:    1
 Hardware stack levels required when called:    3
 This function calls:
		Nothing
 This function is called by:
		_sch_vid_init
 This function uses a non-reentrant model


 *************** function _timer_vid_init_0 *****************
 Defined at:
		line 48 in file "timer.c"
 Parameters:    Size  Location     Type
  prescaler       2    6[BANK0 ] unsigned short 
  interruptEna    1    8[BANK0 ] unsigned char 
 Auto vars:     Size  Location     Type
		None
 Return value:  Size  Location     Type
                  1    wreg      void 
 Registers used:
		wreg, fsr0l, fsr0h, status,2, status,0
 Tracked objects:
		On entry : 
		On exit  : 
		Unchanged: 
 Data sizes:     COMMON   BANK0   BANK1   BANK3   BANK2
      Params:         0       3       0       0       0
      Locals:         0       0       0       0       0
      Temps:          0       0       0       0       0
      Totals:         0       3       0       0       0
Total ram usage:        3 bytes
 Hardware stack levels used:    1
 Hardware stack levels required when called:    3
 This function calls:
		Nothing
 This function is called by:
		_sch_vid_init
 This function uses a non-reentrant model


 *************** function _sch_vid_dispatch_tasks *****************
 Defined at:
		line 73 in file "scheduler.c"
 Parameters:    Size  Location     Type
		None
 Auto vars:     Size  Location     Type
  index           1   27[BANK0 ] unsigned char 
 Return value:  Size  Location     Type
                  1    wreg      void 
 Registers used:
		wreg, fsr0l, fsr0h, status,2, status,0, pclath, cstack
 Tracked objects:
		On entry : 
		On exit  : 
		Unchanged: 
 Data sizes:     COMMON   BANK0   BANK1   BANK3   BANK2
      Params:         0       0       0       0       0
      Locals:         0       1       0       0       0
      Temps:          0       5       0       0       0
      Totals:         0       6       0       0       0
Total ram usage:        6 bytes
 Hardware stack levels used:    1
 Hardware stack levels required when called:    7
 This function calls:
		Absolute function
		___bmul
		_checkButtons
		_sch_vid_delete_task
		_ssd_vid_2_digits_update
 This function is called by:
		_main
 This function uses a non-reentrant model


 *************** function _checkButtons *****************
 Defined at:
		line 26 in file "main.c"
 Parameters:    Size  Location     Type
		None
 Auto vars:     Size  Location     Type
		None
 Return value:  Size  Location     Type
                  1    wreg      void 
 Registers used:
		wreg, fsr0l, fsr0h, status,2, status,0, pclath, cstack
 Tracked objects:
		On entry : 
		On exit  : 
		Unchanged: 
 Data sizes:     COMMON   BANK0   BANK1   BANK3   BANK2
      Params:         0       0       0       0       0
      Locals:         0       0       0       0       0
      Temps:          0       2       0       0       0
      Totals:         0       2       0       0       0
Total ram usage:        2 bytes
 Hardware stack levels used:    1
 Hardware stack levels required when called:    6
 This function calls:
		_dio_u8_read_pin_value
		_eeprom_external_vid_write
 This function is called by:
		_main
		_sch_vid_dispatch_tasks
 This function uses a non-reentrant model


 *************** function _ssd_vid_2_digits_update *****************
 Defined at:
		line 28 in file "ssd.c"
 Parameters:    Size  Location     Type
		None
 Auto vars:     Size  Location     Type
  tens            1   21[BANK0 ] unsigned char 
  ones            1   20[BANK0 ] unsigned char 
 Return value:  Size  Location     Type
                  1    wreg      void 
 Registers used:
		wreg, fsr0l, fsr0h, status,2, status,0, pclath, cstack
 Tracked objects:
		On entry : 
		On exit  : 
		Unchanged: 
 Data sizes:     COMMON   BANK0   BANK1   BANK3   BANK2
      Params:         0       0       0       0       0
      Locals:         0       2       0       0       0
      Temps:          0       1       0       0       0
      Totals:         0       3       0       0       0
Total ram usage:        3 bytes
 Hardware stack levels used:    1
 Hardware stack levels required when called:    6
 This function calls:
		___lwdiv
		___lwmod
		_ssd_u8_get_state
		_ssd_vid_set_state
		_ssd_vid_set_symbol
 This function is called by:
		_main
		_sch_vid_dispatch_tasks
 This function uses a non-reentrant model


 *************** function _ssd_vid_set_symbol *****************
 Defined at:
		line 82 in file "ssd.c"
 Parameters:    Size  Location     Type
  ssdNumber       1    wreg     unsigned char 
  number          1   15[BANK0 ] unsigned char 
 Auto vars:     Size  Location     Type
  ssdNumber       1   17[BANK0 ] unsigned char 
  symbol          1   18[BANK0 ] unsigned char 
 Return value:  Size  Location     Type
                  1    wreg      void 
 Registers used:
		wreg, fsr0l, fsr0h, status,2, status,0, pclath, cstack
 Tracked objects:
		On entry : 
		On exit  : 
		Unchanged: 
 Data sizes:     COMMON   BANK0   BANK1   BANK3   BANK2
      Params:         0       1       0       0       0
      Locals:         0       2       0       0       0
      Temps:          0       1       0       0       0
      Totals:         0       4       0       0       0
Total ram usage:        4 bytes
 Hardware stack levels used:    1
 Hardware stack levels required when called:    5
 This function calls:
		_dio_vid_set_port_value
		_ssd_u8_get_symbol
		_ssd_vid_set_state
 This function is called by:
		_ssd_vid_2_digits_update
 This function uses a non-reentrant model


 *************** function _ssd_vid_set_state *****************
 Defined at:
		line 109 in file "ssd.c"
 Parameters:    Size  Location     Type
  ssdNumber       1    wreg     unsigned char 
  state           1   11[BANK0 ] unsigned char 
 Auto vars:     Size  Location     Type
  ssdNumber       1   14[BANK0 ] unsigned char 
 Return value:  Size  Location     Type
                  1    wreg      void 
 Registers used:
		wreg, fsr0l, fsr0h, status,2, status,0, pclath, cstack
 Tracked objects:
		On entry : 
		On exit  : 
		Unchanged: 
 Data sizes:     COMMON   BANK0   BANK1   BANK3   BANK2
      Params:         0       1       0       0       0
      Locals:         0       1       0       0       0
      Temps:          0       2       0       0       0
      Totals:         0       4       0       0       0
Total ram usage:        4 bytes
 Hardware stack levels used:    1
 Hardware stack levels required when called:    4
 This function calls:
		_dio_vid_set_pin_value
 This function is called by:
		_ssd_vid_2_digits_init
		_ssd_vid_2_digits_update
		_ssd_vid_set_symbol
 This function uses a non-reentrant model


 *************** function _dio_vid_set_pin_value *****************
 Defined at:
		line 80 in file "dio.c"
 Parameters:    Size  Location     Type
  portNumber      1    wreg     unsigned char 
  index           1    6[BANK0 ] unsigned char 
  value           1    7[BANK0 ] unsigned char 
 Auto vars:     Size  Location     Type
  portNumber      1   10[BANK0 ] unsigned char 
 Return value:  Size  Location     Type
                  1    wreg      void 
 Registers used:
		wreg, fsr0l, fsr0h, status,2, status,0
 Tracked objects:
		On entry : 
		On exit  : 
		Unchanged: 
 Data sizes:     COMMON   BANK0   BANK1   BANK3   BANK2
      Params:         0       2       0       0       0
      Locals:         0       1       0       0       0
      Temps:          0       2       0       0       0
      Totals:         0       5       0       0       0
Total ram usage:        5 bytes
 Hardware stack levels used:    1
 Hardware stack levels required when called:    3
 This function calls:
		Nothing
 This function is called by:
		_ssd_vid_set_state
		_lcd_vid_write_charachter
		_lcd_vid_write_command
		_lcd_vid_init
 This function uses a non-reentrant model


 *************** function _ssd_u8_get_symbol *****************
 Defined at:
		line 42 in file "ssd.c"
 Parameters:    Size  Location     Type
  number          1    wreg     unsigned char 
 Auto vars:     Size  Location     Type
  number          1    8[BANK0 ] unsigned char 
  symbol          1    9[BANK0 ] unsigned char 
 Return value:  Size  Location     Type
                  1    wreg      unsigned char 
 Registers used:
		wreg, fsr0l, fsr0h, status,2, status,0
 Tracked objects:
		On entry : 
		On exit  : 
		Unchanged: 
 Data sizes:     COMMON   BANK0   BANK1   BANK3   BANK2
      Params:         0       0       0       0       0
      Locals:         0       2       0       0       0
      Temps:          0       2       0       0       0
      Totals:         0       4       0       0       0
Total ram usage:        4 bytes
 Hardware stack levels used:    1
 Hardware stack levels required when called:    3
 This function calls:
		Nothing
 This function is called by:
		_ssd_vid_set_symbol
 This function uses a non-reentrant model


 *************** function _dio_vid_set_port_value *****************
 Defined at:
		line 33 in file "dio.c"
 Parameters:    Size  Location     Type
  portNumber      1    wreg     unsigned char 
  value           1    6[BANK0 ] unsigned char 
 Auto vars:     Size  Location     Type
  portNumber      1    9[BANK0 ] unsigned char 
 Return value:  Size  Location     Type
                  1    wreg      void 
 Registers used:
		wreg, fsr0l, fsr0h, status,2, status,0
 Tracked objects:
		On entry : 
		On exit  : 
		Unchanged: 
 Data sizes:     COMMON   BANK0   BANK1   BANK3   BANK2
      Params:         0       1       0       0       0
      Locals:         0       1       0       0       0
      Temps:          0       2       0       0       0
      Totals:         0       4       0       0       0
Total ram usage:        4 bytes
 Hardware stack levels used:    1
 Hardware stack levels required when called:    3
 This function calls:
		Nothing
 This function is called by:
		_ssd_vid_set_symbol
		_lcd_vid_write_charachter
		_lcd_vid_write_command
 This function uses a non-reentrant model


 *************** function _ssd_u8_get_state *****************
 Defined at:
		line 88 in file "ssd.c"
 Parameters:    Size  Location     Type
  ssdNumber       1    wreg     unsigned char 
 Auto vars:     Size  Location     Type
  ssdNumber       1   15[BANK0 ] unsigned char 
  state           1   16[BANK0 ] unsigned char 
 Return value:  Size  Location     Type
                  1    wreg      unsigned char 
 Registers used:
		wreg, fsr0l, fsr0h, status,2, status,0, pclath, cstack
 Tracked objects:
		On entry : 
		On exit  : 
		Unchanged: 
 Data sizes:     COMMON   BANK0   BANK1   BANK3   BANK2
      Params:         0       0       0       0       0
      Locals:         0       2       0       0       0
      Temps:          0       2       0       0       0
      Totals:         0       4       0       0       0
Total ram usage:        4 bytes
 Hardware stack levels used:    1
 Hardware stack levels required when called:    5
 This function calls:
		_dio_u8_read_pin_value
 This function is called by:
		_ssd_vid_2_digits_update
 This function uses a non-reentrant model


 *************** function ___lwmod *****************
 Defined at:
		line 5 in file "C:\Program Files (x86)\Microchip\xc8\v2.10\pic\sources\c90\common\lwmod.c"
 Parameters:    Size  Location     Type
  divisor         2    6[BANK0 ] unsigned int 
  dividend        2    8[BANK0 ] unsigned int 
 Auto vars:     Size  Location     Type
  counter         1   11[BANK0 ] unsigned char 
 Return value:  Size  Location     Type
                  2    6[BANK0 ] unsigned int 
 Registers used:
		wreg, status,2, status,0
 Tracked objects:
		On entry : 
		On exit  : 
		Unchanged: 
 Data sizes:     COMMON   BANK0   BANK1   BANK3   BANK2
      Params:         0       4       0       0       0
      Locals:         0       1       0       0       0
      Temps:          0       1       0       0       0
      Totals:         0       6       0       0       0
Total ram usage:        6 bytes
 Hardware stack levels used:    1
 Hardware stack levels required when called:    3
 This function calls:
		Nothing
 This function is called by:
		_main
		_ssd_vid_2_digits_update
 This function uses a non-reentrant model


 *************** function ___lwdiv *****************
 Defined at:
		line 5 in file "C:\Program Files (x86)\Microchip\xc8\v2.10\pic\sources\c90\common\lwdiv.c"
 Parameters:    Size  Location     Type
  divisor         2    6[BANK0 ] unsigned int 
  dividend        2    8[BANK0 ] unsigned int 
 Auto vars:     Size  Location     Type
  quotient        2   11[BANK0 ] unsigned int 
  counter         1   13[BANK0 ] unsigned char 
 Return value:  Size  Location     Type
                  2    6[BANK0 ] unsigned int 
 Registers used:
		wreg, status,2, status,0
 Tracked objects:
		On entry : 
		On exit  : 
		Unchanged: 
 Data sizes:     COMMON   BANK0   BANK1   BANK3   BANK2
      Params:         0       4       0       0       0
      Locals:         0       3       0       0       0
      Temps:          0       1       0       0       0
      Totals:         0       8       0       0       0
Total ram usage:        8 bytes
 Hardware stack levels used:    1
 Hardware stack levels required when called:    3
 This function calls:
		Nothing
 This function is called by:
		_ssd_vid_2_digits_update
 This function uses a non-reentrant model


 *************** function _sch_vid_delete_task *****************
 Defined at:
		line 89 in file "scheduler.c"
 Parameters:    Size  Location     Type
  index           1    wreg     unsigned char 
 Auto vars:     Size  Location     Type
  index           1   11[BANK0 ] unsigned char 
 Return value:  Size  Location     Type
                  1    wreg      unsigned char 
 Registers used:
		wreg, fsr0l, fsr0h, status,2, status,0, pclath, cstack
 Tracked objects:
		On entry : 
		On exit  : 
		Unchanged: 
 Data sizes:     COMMON   BANK0   BANK1   BANK3   BANK2
      Params:         0       0       0       0       0
      Locals:         0       1       0       0       0
      Temps:          0       1       0       0       0
      Totals:         0       2       0       0       0
Total ram usage:        2 bytes
 Hardware stack levels used:    1
 Hardware stack levels required when called:    4
 This function calls:
		___bmul
 This function is called by:
		_sch_vid_init
		_sch_vid_dispatch_tasks
 This function uses a non-reentrant model


 *************** function _eeprom_external_vid_write *****************
 Defined at:
		line 11 in file "eeprom_external.c"
 Parameters:    Size  Location     Type
  address         1    wreg     unsigned char 
  data            1    8[BANK0 ] unsigned char 
 Auto vars:     Size  Location     Type
  address         1    9[BANK0 ] unsigned char 
 Return value:  Size  Location     Type
                  1    wreg      void 
 Registers used:
		wreg, status,2, status,0, pclath, cstack
 Tracked objects:
		On entry : 
		On exit  : 
		Unchanged: 
 Data sizes:     COMMON   BANK0   BANK1   BANK3   BANK2
      Params:         0       1       0       0       0
      Locals:         0       1       0       0       0
      Temps:          0       0       0       0       0
      Totals:         0       2       0       0       0
Total ram usage:        2 bytes
 Hardware stack levels used:    1
 Hardware stack levels required when called:    5
 This function calls:
		_i2c_u8_master_write_byte
		_i2c_u8_master_write_slave_address_with_write_req
		_i2c_vid_restart
		_i2c_vid_start
		_i2c_vid_stop
 This function is called by:
		_checkButtons
 This function uses a non-reentrant model


 *************** function _dio_u8_read_pin_value *****************
 Defined at:
		line 75 in file "dio.c"
 Parameters:    Size  Location     Type
  portNumber      1    wreg     unsigned char 
  index           1    9[BANK0 ] unsigned char 
 Auto vars:     Size  Location     Type
  portNumber      1   11[BANK0 ] unsigned char 
  port            1   12[BANK0 ] unsigned char 
 Return value:  Size  Location     Type
                  1    wreg      unsigned char 
 Registers used:
		wreg, fsr0l, fsr0h, status,2, status,0, pclath, cstack
 Tracked objects:
		On entry : 
		On exit  : 
		Unchanged: 
 Data sizes:     COMMON   BANK0   BANK1   BANK3   BANK2
      Params:         0       1       0       0       0
      Locals:         0       2       0       0       0
      Temps:          0       1       0       0       0
      Totals:         0       4       0       0       0
Total ram usage:        4 bytes
 Hardware stack levels used:    1
 Hardware stack levels required when called:    4
 This function calls:
		_dio_u8_read_port_value
 This function is called by:
		_checkButtons
		_ssd_u8_get_state
 This function uses a non-reentrant model


 *************** function _dio_u8_read_port_value *****************
 Defined at:
		line 53 in file "dio.c"
 Parameters:    Size  Location     Type
  portNumber      1    wreg     unsigned char 
 Auto vars:     Size  Location     Type
  portNumber      1    8[BANK0 ] unsigned char 
 Return value:  Size  Location     Type
                  1    wreg      unsigned char 
 Registers used:
		wreg, fsr0l, fsr0h, status,2, status,0
 Tracked objects:
		On entry : 
		On exit  : 
		Unchanged: 
 Data sizes:     COMMON   BANK0   BANK1   BANK3   BANK2
      Params:         0       0       0       0       0
      Locals:         0       1       0       0       0
      Temps:          0       2       0       0       0
      Totals:         0       3       0       0       0
Total ram usage:        3 bytes
 Hardware stack levels used:    1
 Hardware stack levels required when called:    3
 This function calls:
		Nothing
 This function is called by:
		_dio_u8_read_pin_value
 This function uses a non-reentrant model


 *************** function _sch_u8_add_task *****************
 Defined at:
		line 49 in file "scheduler.c"
 Parameters:    Size  Location     Type
  taskFunction    1    wreg     PTR FTN()void 
		 -> ssd_vid_2_digits_update(1), checkButtons(1), 
  delay           4   10[BANK0 ] const unsigned long 
  period          4   14[BANK0 ] const unsigned long 
 Auto vars:     Size  Location     Type
  taskFunction    1   20[BANK0 ] PTR FTN()void 
		 -> ssd_vid_2_digits_update(1), checkButtons(1), 
  index           1   21[BANK0 ] unsigned char 
 Return value:  Size  Location     Type
                  1    wreg      unsigned char 
 Registers used:
		wreg, fsr0l, fsr0h, status,2, status,0, pclath, cstack
 Tracked objects:
		On entry : 
		On exit  : 
		Unchanged: 
 Data sizes:     COMMON   BANK0   BANK1   BANK3   BANK2
      Params:         0       8       0       0       0
      Locals:         0       2       0       0       0
      Temps:          0       2       0       0       0
      Totals:         0      12       0       0       0
Total ram usage:       12 bytes
 Hardware stack levels used:    1
 Hardware stack levels required when called:    4
 This function calls:
		___bmul
 This function is called by:
		_main
 This function uses a non-reentrant model


 *************** function ___bmul *****************
 Defined at:
		line 4 in file "C:\Program Files (x86)\Microchip\xc8\v2.10\pic\sources\c90\common\Umul8.c"
 Parameters:    Size  Location     Type
  multiplier      1    wreg     unsigned char 
  multiplicand    1    6[BANK0 ] unsigned char 
 Auto vars:     Size  Location     Type
  multiplier      1    9[BANK0 ] unsigned char 
  product         1    8[BANK0 ] unsigned char 
 Return value:  Size  Location     Type
                  1    wreg      unsigned char 
 Registers used:
		wreg, status,2, status,0
 Tracked objects:
		On entry : 
		On exit  : 
		Unchanged: 
 Data sizes:     COMMON   BANK0   BANK1   BANK3   BANK2
      Params:         0       1       0       0       0
      Locals:         0       2       0       0       0
      Temps:          0       1       0       0       0
      Totals:         0       4       0       0       0
Total ram usage:        4 bytes
 Hardware stack levels used:    1
 Hardware stack levels required when called:    3
 This function calls:
		Nothing
 This function is called by:
		_sch_update
		_sch_u8_add_task
		_sch_vid_dispatch_tasks
		_sch_vid_delete_task
 This function uses a non-reentrant model


 *************** function _i2c_vid_master_init *****************
 Defined at:
		line 16 in file "i2c.c"
 Parameters:    Size  Location     Type
		None
 Auto vars:     Size  Location     Type
		None
 Return value:  Size  Location     Type
                  1    wreg      void 
 Registers used:
		wreg, fsr0l, fsr0h, status,2, status,0, pclath, cstack
 Tracked objects:
		On entry : 
		On exit  : 
		Unchanged: 
 Data sizes:     COMMON   BANK0   BANK1   BANK3   BANK2
      Params:         0       0       0       0       0
      Locals:         0       0       0       0       0
      Temps:          0       1       0       0       0
      Totals:         0       1       0       0       0
Total ram usage:        1 bytes
 Hardware stack levels used:    1
 Hardware stack levels required when called:    4
 This function calls:
		_dio_vid_set_pin_direction
 This function is called by:
		_main
 This function uses a non-reentrant model


 *************** function _dio_vid_set_pin_direction *****************
 Defined at:
		line 116 in file "dio.c"
 Parameters:    Size  Location     Type
  portNumber      1    wreg     unsigned char 
  index           1    6[BANK0 ] unsigned char 
  direction       1    7[BANK0 ] unsigned char 
 Auto vars:     Size  Location     Type
  portNumber      1   10[BANK0 ] unsigned char 
 Return value:  Size  Location     Type
                  1    wreg      void 
 Registers used:
		wreg, fsr0l, fsr0h, status,2, status,0
 Tracked objects:
		On entry : 
		On exit  : 
		Unchanged: 
 Data sizes:     COMMON   BANK0   BANK1   BANK3   BANK2
      Params:         0       2       0       0       0
      Locals:         0       1       0       0       0
      Temps:          0       2       0       0       0
      Totals:         0       5       0       0       0
Total ram usage:        5 bytes
 Hardware stack levels used:    1
 Hardware stack levels required when called:    3
 This function calls:
		Nothing
 This function is called by:
		_ssd_vid_2_digits_init
		_i2c_vid_master_init
		_lcd_vid_init
 This function uses a non-reentrant model


 *************** function _eeprom_external_vid_read *****************
 Defined at:
		line 20 in file "eeprom_external.c"
 Parameters:    Size  Location     Type
  address         1    wreg     unsigned char 
 Auto vars:     Size  Location     Type
  address         1    9[BANK0 ] unsigned char 
  data            1   10[BANK0 ] unsigned char 
 Return value:  Size  Location     Type
                  1    wreg      unsigned char 
 Registers used:
		wreg, status,2, status,0, pclath, cstack
 Tracked objects:
		On entry : 
		On exit  : 
		Unchanged: 
 Data sizes:     COMMON   BANK0   BANK1   BANK3   BANK2
      Params:         0       0       0       0       0
      Locals:         0       2       0       0       0
      Temps:          0       1       0       0       0
      Totals:         0       3       0       0       0
Total ram usage:        3 bytes
 Hardware stack levels used:    1
 Hardware stack levels required when called:    5
 This function calls:
		_i2c_u8_master_read_byte
		_i2c_u8_master_write_byte
		_i2c_u8_master_write_slave_address_with_read_req
		_i2c_u8_master_write_slave_address_with_write_req
		_i2c_vid_nack
		_i2c_vid_restart
		_i2c_vid_start
		_i2c_vid_stop
 This function is called by:
		_main
 This function uses a non-reentrant model


 *************** function _i2c_vid_stop *****************
 Defined at:
		line 43 in file "i2c.c"
 Parameters:    Size  Location     Type
		None
 Auto vars:     Size  Location     Type
		None
 Return value:  Size  Location     Type
                  1    wreg      void 
 Registers used:
		wreg, status,2, status,0, pclath, cstack
 Tracked objects:
		On entry : 
		On exit  : 
		Unchanged: 
 Data sizes:     COMMON   BANK0   BANK1   BANK3   BANK2
      Params:         0       0       0       0       0
      Locals:         0       0       0       0       0
      Temps:          0       0       0       0       0
      Totals:         0       0       0       0       0
Total ram usage:        0 bytes
 Hardware stack levels used:    1
 Hardware stack levels required when called:    4
 This function calls:
		_i2c_vid_wait
 This function is called by:
		_eeprom_external_vid_write
		_eeprom_external_vid_read
 This function uses a non-reentrant model


 *************** function _i2c_vid_start *****************
 Defined at:
		line 37 in file "i2c.c"
 Parameters:    Size  Location     Type
		None
 Auto vars:     Size  Location     Type
		None
 Return value:  Size  Location     Type
                  1    wreg      void 
 Registers used:
		wreg, status,2, status,0, pclath, cstack
 Tracked objects:
		On entry : 
		On exit  : 
		Unchanged: 
 Data sizes:     COMMON   BANK0   BANK1   BANK3   BANK2
      Params:         0       0       0       0       0
      Locals:         0       0       0       0       0
      Temps:          0       0       0       0       0
      Totals:         0       0       0       0       0
Total ram usage:        0 bytes
 Hardware stack levels used:    1
 Hardware stack levels required when called:    4
 This function calls:
		_i2c_vid_wait
 This function is called by:
		_eeprom_external_vid_write
		_eeprom_external_vid_read
 This function uses a non-reentrant model


 *************** function _i2c_vid_restart *****************
 Defined at:
		line 49 in file "i2c.c"
 Parameters:    Size  Location     Type
		None
 Auto vars:     Size  Location     Type
		None
 Return value:  Size  Location     Type
                  1    wreg      void 
 Registers used:
		wreg, status,2, status,0, pclath, cstack
 Tracked objects:
		On entry : 
		On exit  : 
		Unchanged: 
 Data sizes:     COMMON   BANK0   BANK1   BANK3   BANK2
      Params:         0       0       0       0       0
      Locals:         0       0       0       0       0
      Temps:          0       0       0       0       0
      Totals:         0       0       0       0       0
Total ram usage:        0 bytes
 Hardware stack levels used:    1
 Hardware stack levels required when called:    4
 This function calls:
		_i2c_vid_wait
 This function is called by:
		_eeprom_external_vid_write
		_eeprom_external_vid_read
 This function uses a non-reentrant model


 *************** function _i2c_vid_nack *****************
 Defined at:
		line 65 in file "i2c.c"
 Parameters:    Size  Location     Type
		None
 Auto vars:     Size  Location     Type
		None
 Return value:  Size  Location     Type
                  1    wreg      void 
 Registers used:
		wreg, status,2, status,0, pclath, cstack
 Tracked objects:
		On entry : 
		On exit  : 
		Unchanged: 
 Data sizes:     COMMON   BANK0   BANK1   BANK3   BANK2
      Params:         0       0       0       0       0
      Locals:         0       0       0       0       0
      Temps:          0       0       0       0       0
      Totals:         0       0       0       0       0
Total ram usage:        0 bytes
 Hardware stack levels used:    1
 Hardware stack levels required when called:    4
 This function calls:
		_i2c_vid_wait
 This function is called by:
		_eeprom_external_vid_read
 This function uses a non-reentrant model


 *************** function _i2c_u8_master_write_slave_address_with_write_req *****************
 Defined at:
		line 71 in file "i2c.c"
 Parameters:    Size  Location     Type
  address         1    wreg     unsigned char 
 Auto vars:     Size  Location     Type
  address         1    7[BANK0 ] unsigned char 
 Return value:  Size  Location     Type
                  1    wreg      unsigned char 
 Registers used:
		wreg, status,2, status,0, pclath, cstack
 Tracked objects:
		On entry : 
		On exit  : 
		Unchanged: 
 Data sizes:     COMMON   BANK0   BANK1   BANK3   BANK2
      Params:         0       0       0       0       0
      Locals:         0       1       0       0       0
      Temps:          0       1       0       0       0
      Totals:         0       2       0       0       0
Total ram usage:        2 bytes
 Hardware stack levels used:    1
 Hardware stack levels required when called:    4
 This function calls:
		_i2c_vid_wait
 This function is called by:
		_eeprom_external_vid_write
		_eeprom_external_vid_read
 This function uses a non-reentrant model


 *************** function _i2c_u8_master_write_slave_address_with_read_req *****************
 Defined at:
		line 82 in file "i2c.c"
 Parameters:    Size  Location     Type
  address         1    wreg     unsigned char 
 Auto vars:     Size  Location     Type
  address         1    6[BANK0 ] unsigned char 
 Return value:  Size  Location     Type
                  1    wreg      unsigned char 
 Registers used:
		wreg, status,2, status,0, pclath, cstack
 Tracked objects:
		On entry : 
		On exit  : 
		Unchanged: 
 Data sizes:     COMMON   BANK0   BANK1   BANK3   BANK2
      Params:         0       0       0       0       0
      Locals:         0       1       0       0       0
      Temps:          0       0       0       0       0
      Totals:         0       1       0       0       0
Total ram usage:        1 bytes
 Hardware stack levels used:    1
 Hardware stack levels required when called:    4
 This function calls:
		_i2c_vid_wait
 This function is called by:
		_eeprom_external_vid_read
 This function uses a non-reentrant model


 *************** function _i2c_u8_master_write_byte *****************
 Defined at:
		line 93 in file "i2c.c"
 Parameters:    Size  Location     Type
  data            1    wreg     unsigned char 
 Auto vars:     Size  Location     Type
  data            1    6[BANK0 ] unsigned char 
 Return value:  Size  Location     Type
                  1    wreg      unsigned char 
 Registers used:
		wreg, status,2, status,0, pclath, cstack
 Tracked objects:
		On entry : 
		On exit  : 
		Unchanged: 
 Data sizes:     COMMON   BANK0   BANK1   BANK3   BANK2
      Params:         0       0       0       0       0
      Locals:         0       1       0       0       0
      Temps:          0       0       0       0       0
      Totals:         0       1       0       0       0
Total ram usage:        1 bytes
 Hardware stack levels used:    1
 Hardware stack levels required when called:    4
 This function calls:
		_i2c_vid_wait
 This function is called by:
		_eeprom_external_vid_write
		_eeprom_external_vid_read
 This function uses a non-reentrant model


 *************** function _i2c_u8_master_read_byte *****************
 Defined at:
		line 103 in file "i2c.c"
 Parameters:    Size  Location     Type
		None
 Auto vars:     Size  Location     Type
		None
 Return value:  Size  Location     Type
                  1    wreg      unsigned char 
 Registers used:
		wreg, status,2, status,0, pclath, cstack
 Tracked objects:
		On entry : 
		On exit  : 
		Unchanged: 
 Data sizes:     COMMON   BANK0   BANK1   BANK3   BANK2
      Params:         0       0       0       0       0
      Locals:         0       0       0       0       0
      Temps:          0       0       0       0       0
      Totals:         0       0       0       0       0
Total ram usage:        0 bytes
 Hardware stack levels used:    1
 Hardware stack levels required when called:    4
 This function calls:
		_i2c_vid_wait
 This function is called by:
		_eeprom_external_vid_read
 This function uses a non-reentrant model


 *************** function _i2c_vid_wait *****************
 Defined at:
		line 55 in file "i2c.c"
 Parameters:    Size  Location     Type
		None
 Auto vars:     Size  Location     Type
		None
 Return value:  Size  Location     Type
                  1    wreg      void 
 Registers used:
		wreg, status,2
 Tracked objects:
		On entry : 
		On exit  : 
		Unchanged: 
 Data sizes:     COMMON   BANK0   BANK1   BANK3   BANK2
      Params:         0       0       0       0       0
      Locals:         0       0       0       0       0
      Temps:          0       0       0       0       0
      Totals:         0       0       0       0       0
Total ram usage:        0 bytes
 Hardware stack levels used:    1
 Hardware stack levels required when called:    3
 This function calls:
		Nothing
 This function is called by:
		_i2c_vid_start
		_i2c_vid_stop
		_i2c_vid_restart
		_i2c_vid_nack
		_i2c_u8_master_write_slave_address_with_write_req
		_i2c_u8_master_write_slave_address_with_read_req
		_i2c_u8_master_write_byte
		_i2c_u8_master_read_byte
		_i2c_vid_ack
 This function uses a non-reentrant model


 *************** function _timer_isr *****************
 Defined at:
		line 21 in file "timer.c"
 Parameters:    Size  Location     Type
		None
 Auto vars:     Size  Location     Type
		None
 Return value:  Size  Location     Type
                  1    wreg      void 
 Registers used:
		wreg, fsr0l, fsr0h, status,2, status,0, pclath, cstack
 Tracked objects:
		On entry : 
		On exit  : 
		Unchanged: 
 Data sizes:     COMMON   BANK0   BANK1   BANK3   BANK2
      Params:         0       0       0       0       0
      Locals:         0       0       0       0       0
      Temps:          0       6       0       0       0
      Totals:         0       6       0       0       0
Total ram usage:        6 bytes
 Hardware stack levels used:    1
 Hardware stack levels required when called:    2
 This function calls:
		Absolute function
		_sch_update
 This function is called by:
		Interrupt level 1
 This function uses a non-reentrant model


 *************** function _sch_update *****************
 Defined at:
		line 29 in file "scheduler.c"
 Parameters:    Size  Location     Type
		None
 Auto vars:     Size  Location     Type
  index           1   10[COMMON] unsigned char 
 Return value:  Size  Location     Type
                  1    wreg      void 
 Registers used:
		wreg, fsr0l, fsr0h, status,2, status,0, pclath, cstack
 Tracked objects:
		On entry : 
		On exit  : 
		Unchanged: 
 Data sizes:     COMMON   BANK0   BANK1   BANK3   BANK2
      Params:         0       0       0       0       0
      Locals:         1       0       0       0       0
      Temps:          6       0       0       0       0
      Totals:         7       0       0       0       0
Total ram usage:        7 bytes
 Hardware stack levels used:    1
 Hardware stack levels required when called:    1
 This function calls:
		i1___bmul
 This function is called by:
		_sch_vid_init
		_timer_isr
 This function uses a non-reentrant model


 *************** function i1___bmul *****************
 Defined at:
		line 4 in file "C:\Program Files (x86)\Microchip\xc8\v2.10\pic\sources\c90\common\Umul8.c"
 Parameters:    Size  Location     Type
  multiplier      1    wreg     unsigned char 
  multiplicand    1    0[COMMON] unsigned char 
 Auto vars:     Size  Location     Type
  multiplier      1    2[COMMON] unsigned char 
  __bmul          1    3[COMMON] unsigned char 
 Return value:  Size  Location     Type
                  1    wreg      unsigned char 
 Registers used:
		wreg, status,2, status,0
 Tracked objects:
		On entry : 
		On exit  : 
		Unchanged: 
 Data sizes:     COMMON   BANK0   BANK1   BANK3   BANK2
      Params:         1       0       0       0       0
      Locals:         2       0       0       0       0
      Temps:          1       0       0       0       0
      Totals:         4       0       0       0       0
Total ram usage:        4 bytes
 Hardware stack levels used:    1
 This function calls:
		Nothing
 This function is called by:
		_sch_update
 This function uses a non-reentrant model



MODULE INFORMATION

Module		Function		Class		Link	Load	Size
ssd.c
		_ssd_vid_set_symbol		CODE           	0DC4	0000	36
		_ssd_u8_get_state		CODE           	06D1	0000	95
		_ssd_u8_get_symbol		CODE           	066F	0000	99
		_ssd_vid_2_digits_init		CODE           	0EC7	0000	55
		_ssd_vid_2_digits_update		CODE           	0531	0000	116
		_ssd_vid_set_state		CODE           	0789	0000	88

ssd.c estimated size: 489

C:\Program Files (x86)\Microchip\xc8\v2.10\pic\sources\c90\common\lwdiv.c
		___lwdiv       		CODE           	0F70	0000	71

C:\Program Files (x86)\Microchip\xc8\v2.10\pic\sources\c90\common\lwdiv.c estimated size: 71

eeprom_external.c
		_eeprom_external_vid_read		CODE           	0FB6	0000	75
		_eeprom_external_vid_write		CODE           	0E92	0000	54

eeprom_external.c estimated size: 129

C:\Program Files (x86)\Microchip\xc8\v2.10\pic\sources\c90\common\Umul8.c
		___bmul        		CODE           	0D94	0000	24

C:\Program Files (x86)\Microchip\xc8\v2.10\pic\sources\c90\common\Umul8.c estimated size: 24

timer.c
		_timer_vid_init_0		CODE           	060A	0000	102
		_timer_isr     		CODE           	072F	0000	91
		_timer_vid_set_isr_0		CODE           	0CFF	0000	9

timer.c estimated size: 202

dio.c
		_dio_vid_set_pin_value		CODE           	0130	0000	226
		_dio_u8_read_port_value		CODE           	0DE7	0000	42
		_dio_vid_set_port_direction		CODE           	0EFD	0000	56
		_dio_u8_read_pin_value		CODE           	07E0	0000	27
		_dio_vid_set_port_value		CODE           	0E65	0000	46
		_dio_vid_set_pin_direction		CODE           	003B	0000	246

dio.c estimated size: 643

i2c.c
		_i2c_vid_start 		CODE           	0D18	0000	10
		_i2c_u8_master_write_byte		CODE           	0D43	0000	19
		_i2c_u8_master_write_slave_address_with_write_req		CODE           	0DAB	0000	26
		_i2c_vid_master_init		CODE           	0E39	0000	45
		_i2c_u8_master_read_byte		CODE           	0D7D	0000	24
		_i2c_vid_restart		CODE           	0D0F	0000	10
		_i2c_u8_master_write_slave_address_with_read_req		CODE           	0D55	0000	20
		_i2c_vid_nack  		CODE           	0D2A	0000	13
		_i2c_vid_wait  		CODE           	0D36	0000	14
		_i2c_vid_stop  		CODE           	0D21	0000	10

i2c.c estimated size: 191

shared
		__i1fptable    		ENTRY          	0032	0000	10
		__initialization		CODE           	0015	0000	13
		__fptable      		ENTRY          	0025	0000	14
		i1___bmul      		CODE           	0D68	0000	22

shared estimated size: 59

C:\Program Files (x86)\Microchip\xc8\v2.10\pic\sources\c90\common\lwmod.c
		___lwmod       		CODE           	0F34	0000	61

C:\Program Files (x86)\Microchip\xc8\v2.10\pic\sources\c90\common\lwmod.c estimated size: 61

scheduler.c
		_sch_vid_init  		CODE           	0E10	0000	42
		_sch_u8_add_task		CODE           	04A5	0000	141
		_sch_update    		CODE           	0211	0000	208
		_sch_vid_delete_task		CODE           	05A4	0000	103
		_sch_vid_dispatch_tasks		CODE           	0387	0000	146

scheduler.c estimated size: 640

main.c
		_main          		CODE           	0418	0000	142
		_checkButtons  		CODE           	02E0	0000	168

main.c estimated size: 310

