Microchip MPLAB XC8 Compiler V2.10 ()

Linker command line:

-W-3 --edf=C:\Program Files (x86)\Microchip\xc8\v2.10\pic\dat\en_msgs.txt \
  -cs -h+dist/default/production\pic_test.X.production.sym \
  --cmf=dist/default/production\pic_test.X.production.cmf -z -Q16F877A \
  -oC:\Users\Hassan\AppData\Local\Temp\s6ro.2 --defsym=__MPLAB_BUILD=1 \
  -Mdist/default/production/pic_test.X.production.map -E1 -ver=XC8 \
  --acfsm=1493 -ASTACK=0110h-016Fh -pstack=STACK -ACODE=00h-07FFhx4 \
  -ASTRCODE=00h-01FFFh -ASTRING=00h-0FFhx32 -ACONST=00h-0FFhx32 \
  -AENTRY=00h-0FFhx32 -ACOMMON=070h-07Fh -ABANK0=020h-06Fh \
  -ABANK1=0A0h-0EFh -ABANK2=0110h-016Fh -ABANK3=0190h-01EFh \
  -ARAM=020h-06Fh,0A0h-0EFh,0110h-016Fh,0190h-01EFh \
  -AABS1=020h-07Fh,0A0h-0EFh,0110h-016Fh,0190h-01EFh -ASFR0=00h-01Fh \
  -ASFR1=080h-09Fh -ASFR2=0100h-010Fh -ASFR3=0180h-018Fh \
  -preset_vec=00h,intentry=04h,init,end_init -ppowerup=CODE -pcinit=CODE \
  -pfunctab=ENTRY -ACONFIG=02007h-02007h -pconfig=CONFIG -DCONFIG=2 \
  -AIDLOC=02000h-02003h -pidloc=IDLOC -DIDLOC=2 -AEEDATA=00h-0FFh/02100h \
  -peeprom_data=EEDATA -DEEDATA=2 -DCODE=2 -DSTRCODE=2 -DSTRING=2 -DCONST=2 \
  -DENTRY=2 -k C:\Users\Hassan\AppData\Local\Temp\s6ro.o \
  dist/default/production\pic_test.X.production.o 

Object code version is 3.11

Machine type is 16F877A



                Name                               Link     Load   Length Selector   Space Scale
C:\Users\Hassan\AppData\Local\Temp\s6ro.o
                end_init                             12       12        3        8       0
                reset_vec                             0        0        3        0       0
                config                             2007     2007        1     400E       0
dist/default/production\pic_test.X.production.o
                cinit                                15       15       22        8       0
                functab                              37       37       19       6E       0
                intentry                              4        4        E        8       0
                text40                              D45      D45       15     1A8A       0
                text39                              226      226       CF       A0       0
                text38                              763      763       5A       A0       0
                text37                              708      708       5B       A0       0
                text36                               50       50       F5       A0       0
                text35                              D13      D13        D     1A26       0
                text34                              D5A      D5A       17     1AB4       0
                text33                              D20      D20       12     1A40       0
                text32                              D32      D32       13     1A64       0
                text31                              D88      D88       19     1B10       0
                text30                              D07      D07        C     1A0E       0
                text29                              CE1      CE1        9     19C2       0
                text28                              CEA      CEA        9     19D4       0
                text27                              CF3      CF3        9     19E6       0
                text26                              FB6      FB6       4A     1F6C       0
                text25                              CC9      CC9        8     1992       0
                text24                              CFC      CFC        B     19F8       0
                text23                              6AC      6AC       5C       A0       0
                text22                              E31      E31       2C     1C62       0
                text21                              D71      D71       17     1AE2       0
                text20                              4F0      4F0       8C       A0       0
                text19                              DDF      DDF       29     1BBE       0
                text18                              DA1      DA1       1A     1B42       0
                text17                              E8A      E8A       35     1D14       0
                text16                              CC5      CC5        4     198A       0
                text15                              57C      57C       66       A0       0
                text14                              F70      F70       46     1EE0       0
                text13                              EF6      EF6       3C     1DEC       0
                text12                              145      145       E1       A0       0
                text11                              E5D      E5D       2D     1CBA       0
                text10                              7BD      7BD       43       A0       0
                text9                               3AC      3AC       B3       A0       0
                text8                               2F5      2F5       B7       A0       0
                text7                               F32      F32       3E     1E64       0
                text6                               45F      45F       91       A0       0
                text5                               647      647       65       A0       0
                text4                               CD1      CD1        8     19A2       0
                text3                               E08      E08       29     1C10       0
                text2                               EBF      EBF       37     1D7E       0
                text1                               DBB      DBB       24     1B76       0
                maintext                            5E2      5E2       65       A0       0
                cstackBANK0                          4D       4D       17       20       1
                cstackCOMMON                         70       70        B       70       1
                clrtext                             CD9      CD9        8     19B2       0
                dataBANK0                            64       64        3       20       1
                bssBANK0                             20       20       2D       20       1
                bssCOMMON                            7B       7B        3       70       1
                idataBANK0                          CC2      CC2        3     1984       0

TOTAL           Name                               Link     Load   Length     Space
        CLASS   STACK          

        CLASS   CODE           
                end_init                             12       12        3         0
                cinit                                15       15       22         0
                intentry                              4        4        E         0
                reset_vec                             0        0        3         0
                text40                              D45      D45       15         0
                text39                              226      226       CF         0
                text38                              763      763       5A         0
                text37                              708      708       5B         0
                text36                               50       50       F5         0
                text35                              D13      D13        D         0
                text34                              D5A      D5A       17         0
                text33                              D20      D20       12         0
                text32                              D32      D32       13         0
                text31                              D88      D88       19         0
                text30                              D07      D07        C         0
                text29                              CE1      CE1        9         0
                text28                              CEA      CEA        9         0
                text27                              CF3      CF3        9         0
                text26                              FB6      FB6       4A         0
                text25                              CC9      CC9        8         0
                text24                              CFC      CFC        B         0
                text23                              6AC      6AC       5C         0
                text22                              E31      E31       2C         0
                text21                              D71      D71       17         0
                text20                              4F0      4F0       8C         0
                text19                              DDF      DDF       29         0
                text18                              DA1      DA1       1A         0
                text17                              E8A      E8A       35         0
                text16                              CC5      CC5        4         0
                text15                              57C      57C       66         0
                text14                              F70      F70       46         0
                text13                              EF6      EF6       3C         0
                text12                              145      145       E1         0
                text11                              E5D      E5D       2D         0
                text10                              7BD      7BD       43         0
                text9                               3AC      3AC       B3         0
                text8                               2F5      2F5       B7         0
                text7                               F32      F32       3E         0
                text6                               45F      45F       91         0
                text5                               647      647       65         0
                text4                               CD1      CD1        8         0
                text3                               E08      E08       29         0
                text2                               EBF      EBF       37         0
                text1                               DBB      DBB       24         0
                maintext                            5E2      5E2       65         0
                clrtext                             CD9      CD9        8         0
                idataBANK0                          CC2      CC2        3         0

        CLASS   STRCODE        

        CLASS   STRING         

        CLASS   CONST          

        CLASS   ENTRY          
                functab                              37       37       19         0

        CLASS   COMMON         
                cstackCOMMON                         70       70        B         1
                bssCOMMON                            7B       7B        3         1

        CLASS   BANK0          
                cstackBANK0                          4D       4D       17         1
                dataBANK0                            64       64        3         1
                bssBANK0                             20       20       2D         1

        CLASS   BANK1          

        CLASS   BANK2          

        CLASS   BANK3          

        CLASS   RAM            

        CLASS   ABS1           
                abs_s1                               7E       7E        2         1

        CLASS   SFR0           

        CLASS   SFR1           

        CLASS   SFR2           

        CLASS   SFR3           

        CLASS   CONFIG         
                config                             2007     2007        1         0

        CLASS   IDLOC          

        CLASS   EEDATA         



SEGMENTS        Name                           Load    Length   Top    Selector   Space  Class     Delta

                reset_vec                      000000  000003  000003         0       0  CODE        2
                intentry                       000004  000033  000037         8       0  CODE        2
                bssBANK0                       000020  000047  000067        20       1  BANK0       1
                functab                        000037  000019  000050        6E       0  ENTRY       2
                cstackCOMMON                   000070  00000E  00007E        70       1  COMMON      1
                text36                         000050  0007B0  000800        A0       0  CODE        2
                idataBANK0                     000CC2  000003  000CC5      1984       0  CODE        2
                text16                         000CC5  000004  000CC9      198A       0  CODE        2
                text25                         000CC9  000008  000CD1      1992       0  CODE        2
                text4                          000CD1  000008  000CD9      19A2       0  CODE        2
                clrtext                        000CD9  000008  000CE1      19B2       0  CODE        2
                text29                         000CE1  000009  000CEA      19C2       0  CODE        2
                text28                         000CEA  000009  000CF3      19D4       0  CODE        2
                text27                         000CF3  000009  000CFC      19E6       0  CODE        2
                text24                         000CFC  00000B  000D07      19F8       0  CODE        2
                text30                         000D07  00000C  000D13      1A0E       0  CODE        2
                text35                         000D13  00000D  000D20      1A26       0  CODE        2
                text33                         000D20  000012  000D32      1A40       0  CODE        2
                text32                         000D32  000013  000D45      1A64       0  CODE        2
                text40                         000D45  000015  000D5A      1A8A       0  CODE        2
                text34                         000D5A  000017  000D71      1AB4       0  CODE        2
                text21                         000D71  000017  000D88      1AE2       0  CODE        2
                text31                         000D88  000019  000DA1      1B10       0  CODE        2
                text18                         000DA1  00001A  000DBB      1B42       0  CODE        2
                text1                          000DBB  000024  000DDF      1B76       0  CODE        2
                text19                         000DDF  000029  000E08      1BBE       0  CODE        2
                text3                          000E08  000029  000E31      1C10       0  CODE        2
                text22                         000E31  00002C  000E5D      1C62       0  CODE        2
                text11                         000E5D  00002D  000E8A      1CBA       0  CODE        2
                text17                         000E8A  000035  000EBF      1D14       0  CODE        2
                text2                          000EBF  000037  000EF6      1D7E       0  CODE        2
                text13                         000EF6  00003C  000F32      1DEC       0  CODE        2
                text7                          000F32  00003E  000F70      1E64       0  CODE        2
                text14                         000F70  000046  000FB6      1EE0       0  CODE        2
                text26                         000FB6  00004A  001000      1F6C       0  CODE        2
                config                         002007  000001  002008      400E       0  CONFIG      2


UNUSED ADDRESS RANGES

        Name                Unused          Largest block    Delta
        BANK0            0067-006F              9           1
        BANK1            00A0-00EF             50           1
        BANK2            0110-016F             60           1
        BANK3            0190-01EF             60           1
        CODE             0003-0003              1           2
                         0800-0CC1            4C2
                         1000-1FFF            800
        CONST            0003-0003              1           2
                         0800-0CC1            100
                         1000-1FFF            100
        EEDATA           2100-21FF            100           2
        ENTRY            0003-0003              1           2
                         0800-0CC1            100
                         1000-1FFF            100
        IDLOC            2000-2003              4           2
        RAM              0067-006F              9           1
                         00A0-00EF             50
                         0110-016F             60
                         0190-01EF             60
        SFR0             0000-001F             20           1
        SFR1             0080-009F             20           1
        SFR2             0100-010F             10           1
        SFR3             0180-018F             10           1
        STACK            0110-016F             60           1
        STRCODE          0003-0003              1           2
                         0800-0CC1            4C2
                         1000-1FFF           1000
        STRING           0003-0003              1           2
                         0800-0CC1            100
                         1000-1FFF            100

                                  Symbol Table

?___awmod                                                  cstackBANK0  0053
?___lwdiv                                                  cstackBANK0  0053
?___lwmod                                                  cstackBANK0  0053
_ACKDT                                                     (abs)        048D
_ACKEN                                                     (abs)        048C
_ACKSTAT                                                   (abs)        048E
_EEADR                                                     (abs)        010D
_EECON2                                                    (abs)        018D
_EEDATA                                                    (abs)        010C
_GIE                                                       (abs)        005F
_PEIE                                                      (abs)        005E
_PEN                                                       (abs)        048A
_PIR1                                                      (abs)        000C
_PORTA                                                     (abs)        0005
_PORTB                                                     (abs)        0006
_PORTC                                                     (abs)        0007
_PORTD                                                     (abs)        0008
_PORTE                                                     (abs)        0009
_PS0                                                       (abs)        0408
_PS1                                                       (abs)        0409
_PS2                                                       (abs)        040A
_PSA                                                       (abs)        040B
_RCEN                                                      (abs)        048B
_RD                                                        (abs)        0C60
_RSEN                                                      (abs)        0489
_SEN                                                       (abs)        0488
_SSPADD                                                    (abs)        0093
_SSPBUF                                                    (abs)        0013
_SSPCON2                                                   (abs)        0091
_SSPEN                                                     (abs)        00A5
_SSPIF                                                     (abs)        0063
_SSPM0                                                     (abs)        00A0
_SSPM1                                                     (abs)        00A1
_SSPM2                                                     (abs)        00A2
_SSPM3                                                     (abs)        00A3
_SSPSTAT                                                   (abs)        0094
_T0CS                                                      (abs)        040D
_TMR0IE                                                    (abs)        005D
_TMR0IF                                                    (abs)        005A
_TMR1IF                                                    (abs)        0060
_TMR2IF                                                    (abs)        0061
_TRISA                                                     (abs)        0085
_TRISB                                                     (abs)        0086
_TRISC                                                     (abs)        0087
_TRISD                                                     (abs)        0088
_TRISE                                                     (abs)        0089
_WR                                                        (abs)        0C61
_WREN                                                      (abs)        0C62
__CFG_BOREN$ON                                             (abs)        0000
__CFG_CP$OFF                                               (abs)        0000
__CFG_CPD$OFF                                              (abs)        0000
__CFG_FOSC$HS                                              (abs)        0000
__CFG_LVP$OFF                                              (abs)        0000
__CFG_PWRTE$ON                                             (abs)        0000
__CFG_WDTE$OFF                                             (abs)        0000
__CFG_WRT$OFF                                              (abs)        0000
__Habs1                                                    abs1         0000
__Hbank0                                                   bank0        0000
__Hbank1                                                   bank1        0000
__Hbank2                                                   bank2        0000
__Hbank3                                                   bank3        0000
__HbssBANK0                                                bssBANK0     0000
__HbssCOMMON                                               bssCOMMON    0000
__Hcinit                                                   cinit        0037
__Hclrtext                                                 clrtext      0000
__Hcode                                                    code         0000
__Hcommon                                                  common       0000
__Hconfig                                                  config       2008
__HcstackBANK0                                             cstackBANK0  0000
__HcstackCOMMON                                            cstackCOMMON 0000
__HdataBANK0                                               dataBANK0    0000
__Heeprom_data                                             eeprom_data  0000
__Hend_init                                                end_init     0015
__Hfunctab                                                 functab      0050
__HidataBANK0                                              idataBANK0   0000
__Hidloc                                                   idloc        0000
__Hinit                                                    init         0012
__Hintentry                                                intentry     0012
__Hmaintext                                                maintext     0000
__Hpowerup                                                 powerup      0000
__Hram                                                     ram          0000
__Hreset_vec                                               reset_vec    0003
__Hsfr0                                                    sfr0         0000
__Hsfr1                                                    sfr1         0000
__Hsfr2                                                    sfr2         0000
__Hsfr3                                                    sfr3         0000
__Hspace_0                                                 (abs)        2008
__Hspace_1                                                 (abs)        007E
__Hspace_2                                                 (abs)        0000
__Hspace_3                                                 (abs)        0000
__Hstack                                                   stack        0000
__Hstrings                                                 strings      0000
__Htext                                                    text         0000
__Labs1                                                    abs1         0000
__Lbank0                                                   bank0        0000
__Lbank1                                                   bank1        0000
__Lbank2                                                   bank2        0000
__Lbank3                                                   bank3        0000
__LbssBANK0                                                bssBANK0     0000
__LbssCOMMON                                               bssCOMMON    0000
__Lcinit                                                   cinit        0015
__Lclrtext                                                 clrtext      0000
__Lcode                                                    code         0000
__Lcommon                                                  common       0000
__Lconfig                                                  config       2007
__LcstackBANK0                                             cstackBANK0  0000
__LcstackCOMMON                                            cstackCOMMON 0000
__LdataBANK0                                               dataBANK0    0000
__Leeprom_data                                             eeprom_data  0000
__Lend_init                                                end_init     0012
__Lfunctab                                                 functab      0037
__LidataBANK0                                              idataBANK0   0000
__Lidloc                                                   idloc        0000
__Linit                                                    init         0012
__Lintentry                                                intentry     0004
__Lmaintext                                                maintext     0000
__Lpowerup                                                 powerup      0000
__Lram                                                     ram          0000
__Lreset_vec                                               reset_vec    0000
__Lsfr0                                                    sfr0         0000
__Lsfr1                                                    sfr1         0000
__Lsfr2                                                    sfr2         0000
__Lsfr3                                                    sfr3         0000
__Lspace_0                                                 (abs)        0000
__Lspace_1                                                 (abs)        0000
__Lspace_2                                                 (abs)        0000
__Lspace_3                                                 (abs)        0000
__Lstack                                                   stack        0000
__Lstrings                                                 strings      0000
__Ltext                                                    text         0000
__S0                                                       (abs)        2008
__S1                                                       (abs)        007E
__S2                                                       (abs)        0000
__S3                                                       (abs)        0000
___awmod                                                   text37       0708
___awmod@counter                                           cstackBANK0  0058
___awmod@dividend                                          cstackBANK0  0055
___awmod@divisor                                           cstackBANK0  0053
___awmod@sign                                              cstackBANK0  0059
___bmul                                                    text21       0D71
___bmul@multiplicand                                       cstackBANK0  0053
___bmul@multiplier                                         cstackBANK0  0056
___bmul@product                                            cstackBANK0  0055
___int_sp                                                  stack        0000
___latbits                                                 (abs)        0002
___lwdiv                                                   text14       0F70
___lwdiv@counter                                           cstackBANK0  005A
___lwdiv@dividend                                          cstackBANK0  0055
___lwdiv@divisor                                           cstackBANK0  0053
___lwdiv@quotient                                          cstackBANK0  0058
___lwmod                                                   text13       0EF6
___lwmod@counter                                           cstackBANK0  0058
___lwmod@dividend                                          cstackBANK0  0055
___lwmod@divisor                                           cstackBANK0  0053
___sp                                                      stack        0000
___stackhi                                                 (abs)        0000
___stacklo                                                 (abs)        0000
__end_of___awmod                                           text37       0763
__end_of___bmul                                            text21       0D88
__end_of___lwdiv                                           text14       0FB6
__end_of___lwmod                                           text13       0F32
__end_of__fptable                                          functab      0047
__end_of__i1fptable                                        functab      0050
__end_of__initialization                                   cinit        0033
__end_of_counter_vid_init                                  text23       0708
__end_of_counter_vid_update                                text8        03AC
__end_of_dio_u8_read_pin_value                             text18       0DBB
__end_of_dio_u8_read_port_value                            text19       0E08
__end_of_dio_vid_set_pin_direction                         text36       0145
__end_of_dio_vid_set_pin_value                             text12       0226
__end_of_dio_vid_set_port_direction                        text2        0EF6
__end_of_dio_vid_set_port_value                            text11       0E8A
__end_of_display_vid_blink                                 text7        0F70
__end_of_eeprom_external_vid_read                          text26       1000
__end_of_eeprom_external_vid_write                         text17       0EBF
__end_of_i2c_u8_master_read_byte                           text34       0D71
__end_of_i2c_u8_master_write_byte                          text33       0D32
__end_of_i2c_u8_master_write_slave_address_with_read_req   text32       0D45
__end_of_i2c_u8_master_write_slave_address_with_write_req  text31       0DA1
__end_of_i2c_vid_master_init                               text22       0E5D
__end_of_i2c_vid_nack                                      text30       0D13
__end_of_i2c_vid_restart                                   text29       0CEA
__end_of_i2c_vid_start                                     text28       0CF3
__end_of_i2c_vid_stop                                      text27       0CFC
__end_of_i2c_vid_wait                                      text35       0D20
__end_of_main                                              maintext     0647
__end_of_sch_u8_add_task                                   text20       057C
__end_of_sch_update                                        text39       02F5
__end_of_sch_vid_delete_task                               text15       05E2
__end_of_sch_vid_dispatch_tasks                            text6        04F0
__end_of_sch_vid_init                                      text3        0E31
__end_of_ssd_u8_get_code                                   text10       0800
__end_of_ssd_u8_get_state                                  text16       0CC9
__end_of_ssd_vid_init                                      text1        0DDF
__end_of_ssd_vid_set_state                                 text25       0CD1
__end_of_ssd_vid_set_symbol                                text24       0D07
__end_of_ssd_vid_update                                    text9        045F
__end_of_timer_isr                                         text38       07BD
__end_of_timer_vid_init_0                                  text5        06AC
__end_of_timer_vid_set_isr_0                               text4        0CD9
__end_ofi1___bmul                                          text40       0D5A
__fptable                                                  functab      0037
__i1fptable                                                functab      0047
__initialization                                           cinit        0015
__pbssBANK0                                                bssBANK0     0020
__pbssCOMMON                                               bssCOMMON    007B
__pcstackBANK0                                             cstackBANK0  004D
__pcstackCOMMON                                            cstackCOMMON 0070
__pdataBANK0                                               dataBANK0    0064
__pfunctab                                                 functab      0037
__pidataBANK0                                              idataBANK0   0CC2
__pintentry                                                intentry     0004
__pmaintext                                                maintext     05E2
__ptext1                                                   text1        0DBB
__ptext10                                                  text10       07BD
__ptext11                                                  text11       0E5D
__ptext12                                                  text12       0145
__ptext13                                                  text13       0EF6
__ptext14                                                  text14       0F70
__ptext15                                                  text15       057C
__ptext16                                                  text16       0CC5
__ptext17                                                  text17       0E8A
__ptext18                                                  text18       0DA1
__ptext19                                                  text19       0DDF
__ptext2                                                   text2        0EBF
__ptext20                                                  text20       04F0
__ptext21                                                  text21       0D71
__ptext22                                                  text22       0E31
__ptext23                                                  text23       06AC
__ptext24                                                  text24       0CFC
__ptext25                                                  text25       0CC9
__ptext26                                                  text26       0FB6
__ptext27                                                  text27       0CF3
__ptext28                                                  text28       0CEA
__ptext29                                                  text29       0CE1
__ptext3                                                   text3        0E08
__ptext30                                                  text30       0D07
__ptext31                                                  text31       0D88
__ptext32                                                  text32       0D32
__ptext33                                                  text33       0D20
__ptext34                                                  text34       0D5A
__ptext35                                                  text35       0D13
__ptext36                                                  text36       0050
__ptext37                                                  text37       0708
__ptext38                                                  text38       0763
__ptext39                                                  text39       0226
__ptext4                                                   text4        0CD1
__ptext40                                                  text40       0D45
__ptext5                                                   text5        0647
__ptext6                                                   text6        045F
__ptext7                                                   text7        0F32
__ptext8                                                   text8        02F5
__ptext9                                                   text9        03AC
__size_of___awmod                                          (abs)        0000
__size_of___bmul                                           (abs)        0000
__size_of___lwdiv                                          (abs)        0000
__size_of___lwmod                                          (abs)        0000
__size_of__fptable                                         (abs)        0000
__size_of__i1fptable                                       (abs)        0000
__size_of_counter_vid_init                                 (abs)        0000
__size_of_counter_vid_update                               (abs)        0000
__size_of_dio_u8_read_pin_value                            (abs)        0000
__size_of_dio_u8_read_port_value                           (abs)        0000
__size_of_dio_vid_set_pin_direction                        (abs)        0000
__size_of_dio_vid_set_pin_value                            (abs)        0000
__size_of_dio_vid_set_port_direction                       (abs)        0000
__size_of_dio_vid_set_port_value                           (abs)        0000
__size_of_display_vid_blink                                (abs)        0000
__size_of_eeprom_external_vid_read                         (abs)        0000
__size_of_eeprom_external_vid_write                        (abs)        0000
__size_of_i2c_u8_master_read_byte                          (abs)        0000
__size_of_i2c_u8_master_write_byte                         (abs)        0000
__size_of_i2c_u8_master_write_slave_address_with_read_req  (abs)        0000
__size_of_i2c_u8_master_write_slave_address_with_write_req (abs)        0000
__size_of_i2c_vid_master_init                              (abs)        0000
__size_of_i2c_vid_nack                                     (abs)        0000
__size_of_i2c_vid_restart                                  (abs)        0000
__size_of_i2c_vid_start                                    (abs)        0000
__size_of_i2c_vid_stop                                     (abs)        0000
__size_of_i2c_vid_wait                                     (abs)        0000
__size_of_main                                             (abs)        0000
__size_of_sch_u8_add_task                                  (abs)        0000
__size_of_sch_update                                       (abs)        0000
__size_of_sch_vid_delete_task                              (abs)        0000
__size_of_sch_vid_dispatch_tasks                           (abs)        0000
__size_of_sch_vid_init                                     (abs)        0000
__size_of_ssd_u8_get_code                                  (abs)        0000
__size_of_ssd_u8_get_state                                 (abs)        0000
__size_of_ssd_vid_init                                     (abs)        0000
__size_of_ssd_vid_set_state                                (abs)        0000
__size_of_ssd_vid_set_symbol                               (abs)        0000
__size_of_ssd_vid_update                                   (abs)        0000
__size_of_timer_isr                                        (abs)        0000
__size_of_timer_vid_init_0                                 (abs)        0000
__size_of_timer_vid_set_isr_0                              (abs)        0000
__size_ofi1___bmul                                         (abs)        0000
_buttonPressedFlag                                         bssBANK0     004C
_counter                                                   dataBANK0    0065
_counter_vid_init                                          text23       06AC
_counter_vid_update                                        text8        02F5
_dio_u8_read_pin_value                                     text18       0DA1
_dio_u8_read_port_value                                    text19       0DDF
_dio_vid_set_pin_direction                                 text36       0050
_dio_vid_set_pin_value                                     text12       0145
_dio_vid_set_port_direction                                text2        0EBF
_dio_vid_set_port_value                                    text11       0E5D
_displayFlag                                               dataBANK0    0064
_display_vid_blink                                         text7        0F32
_eeprom_external_vid_read                                  text26       0FB6
_eeprom_external_vid_write                                 text17       0E8A
_i2c_u8_master_read_byte                                   text34       0D5A
_i2c_u8_master_write_byte                                  text33       0D20
_i2c_u8_master_write_slave_address_with_read_req           text32       0D32
_i2c_u8_master_write_slave_address_with_write_req          text31       0D88
_i2c_vid_master_init                                       text22       0E31
_i2c_vid_nack                                              text30       0D07
_i2c_vid_restart                                           text29       0CE1
_i2c_vid_start                                             text28       0CEA
_i2c_vid_stop                                              text27       0CF3
_i2c_vid_wait                                              text35       0D13
_main                                                      maintext     05E2
_sch_tasks                                                 bssBANK0     0020
_sch_u8_add_task                                           text20       04F0
_sch_update                                                text39       0226
_sch_vid_delete_task                                       text15       057C
_sch_vid_dispatch_tasks                                    text6        045F
_sch_vid_init                                              text3        0E08
_settingModeFlag                                           bssBANK0     004B
_settingModeSecondsCounter                                 bssBANK0     0047
_ssdState                                                  dataBANK0    0066
_ssdSymbol                                                 bssBANK0     0049
_ssd_u8_get_code                                           text10       07BD
_ssd_u8_get_state                                          text16       0CC5
_ssd_vid_init                                              text1        0DBB
_ssd_vid_set_state                                         text25       0CC9
_ssd_vid_set_symbol                                        text24       0CFC
_ssd_vid_update                                            text9        03AC
_timer0_isr                                                bssCOMMON    007D
_timer1_isr                                                bssCOMMON    007C
_timer2_isr                                                bssCOMMON    007B
_timer_isr                                                 text38       0763
_timer_vid_init_0                                          text5        0647
_timer_vid_set_isr_0                                       text4        0CD1
btemp                                                      (abs)        007E
clear_ram0                                                 clrtext      0CD9
dio_u8_read_pin_value@index                                cstackBANK0  0056
dio_u8_read_pin_value@port                                 cstackBANK0  0059
dio_u8_read_pin_value@portNumber                           cstackBANK0  0058
dio_u8_read_port_value@portNumber                          cstackBANK0  0055
dio_vid_set_pin_direction@direction                        cstackBANK0  0054
dio_vid_set_pin_direction@index                            cstackBANK0  0053
dio_vid_set_pin_direction@portNumber                       cstackBANK0  0057
dio_vid_set_pin_value@index                                cstackBANK0  0053
dio_vid_set_pin_value@portNumber                           cstackBANK0  0057
dio_vid_set_pin_value@value                                cstackBANK0  0054
dio_vid_set_port_direction@direction                       cstackBANK0  0053
dio_vid_set_port_direction@portNumber                      cstackBANK0  0056
dio_vid_set_port_value@portNumber                          cstackBANK0  0059
dio_vid_set_port_value@value                               cstackBANK0  0056
eeprom_external_vid_read@address                           cstackBANK0  0056
eeprom_external_vid_read@data                              cstackBANK0  0057
eeprom_external_vid_write@address                          cstackBANK0  0056
eeprom_external_vid_write@data                             cstackBANK0  0055
end_of_initialization                                      cinit        0033
fpbase                                                     functab      003C
fptable                                                    functab      0037
fptotal                                                    (abs)        0006
i1___bmul                                                  text40       0D45
i1___bmul@multiplicand                                     cstackCOMMON 0070
i1___bmul@multiplier                                       cstackCOMMON 0072
i1___bmul@product                                          cstackCOMMON 0073
i1fpbase                                                   functab      004C
i1fptable                                                  functab      0047
i1fptotal                                                  (abs)        0002
i2c_u8_master_write_byte@data                              cstackBANK0  0053
i2c_u8_master_write_slave_address_with_read_req@address    cstackBANK0  0053
i2c_u8_master_write_slave_address_with_write_req@address   cstackBANK0  0054
interrupt_function                                         intentry     0004
intlevel0                                                  functab      0037
intlevel1                                                  functab      0037
intlevel2                                                  functab      0037
intlevel3                                                  functab      0037
intlevel4                                                  functab      0037
intlevel5                                                  functab      0037
reset_vec                                                  reset_vec    0000
saved_w                                                    (abs)        007E
sch_u8_add_task@delay                                      cstackBANK0  0057
sch_u8_add_task@index                                      cstackBANK0  0062
sch_u8_add_task@period                                     cstackBANK0  005B
sch_u8_add_task@taskFunction                               cstackBANK0  0061
sch_update@index                                           cstackCOMMON 007A
sch_vid_delete_task@index                                  cstackBANK0  0058
sch_vid_dispatch_tasks@index                               cstackBANK0  0063
sch_vid_init@i                                             cstackBANK0  005A
ssd_u8_get_code@number                                     cstackBANK0  0055
ssd_vid_set_state@state                                    cstackBANK0  0054
ssd_vid_set_symbol@symbol                                  cstackBANK0  0055
ssd_vid_update@ones                                        cstackBANK0  005C
ssd_vid_update@tens                                        cstackBANK0  005D
start                                                      init         0012
start_initialization                                       cinit        0015
timer_vid_init_0@interruptEnable                           cstackBANK0  0055
timer_vid_init_0@prescaler                                 cstackBANK0  0053
timer_vid_set_isr_0@callback_function                      cstackBANK0  0054
wtemp0                                                     (abs)        007E


FUNCTION INFORMATION:

 *************** function _main *****************
 Defined at:
		line 25 in file "main.c"
 Parameters:    Size  Location     Type
		None
 Auto vars:     Size  Location     Type
		None
 Return value:  Size  Location     Type
                  2   22[None  ] int 
 Registers used:
		wreg, fsr0l, fsr0h, status,2, status,0, btemp+1, pclath, cstack
 Tracked objects:
		On entry : 
		On exit  : 
		Unchanged: 
 Data sizes:     COMMON   BANK0   BANK1   BANK3   BANK2
      Params:         0       0       0       0       0
      Locals:         0       0       0       0       0
      Temps:          0       0       0       0       0
      Totals:         0       0       0       0       0
Total ram usage:        0 bytes
 Hardware stack levels required when called:    8
 This function calls:
		_counter_vid_init
		_i2c_vid_master_init
		_sch_u8_add_task
		_sch_vid_dispatch_tasks
		_sch_vid_init
		_ssd_vid_init
 This function is called by:
		Startup code after reset
 This function uses a non-reentrant model


 *************** function _ssd_vid_init *****************
 Defined at:
		line 25 in file "ssd.c"
 Parameters:    Size  Location     Type
		None
 Auto vars:     Size  Location     Type
		None
 Return value:  Size  Location     Type
                  1    wreg      void 
 Registers used:
		wreg, fsr0l, fsr0h, status,2, status,0, pclath, cstack
 Tracked objects:
		On entry : 
		On exit  : 
		Unchanged: 
 Data sizes:     COMMON   BANK0   BANK1   BANK3   BANK2
      Params:         0       0       0       0       0
      Locals:         0       0       0       0       0
      Temps:          0       1       0       0       0
      Totals:         0       1       0       0       0
Total ram usage:        1 bytes
 Hardware stack levels used:    1
 Hardware stack levels required when called:    4
 This function calls:
		_dio_vid_set_pin_direction
		_dio_vid_set_port_direction
 This function is called by:
		_main
		_display_init
 This function uses a non-reentrant model


 *************** function _dio_vid_set_port_direction *****************
 Defined at:
		line 12 in file "dio.c"
 Parameters:    Size  Location     Type
  portNumber      1    wreg     unsigned char 
  direction       1    6[BANK0 ] unsigned char 
 Auto vars:     Size  Location     Type
  portNumber      1    9[BANK0 ] unsigned char 
 Return value:  Size  Location     Type
                  1    wreg      void 
 Registers used:
		wreg, fsr0l, fsr0h, status,2, status,0
 Tracked objects:
		On entry : 
		On exit  : 
		Unchanged: 
 Data sizes:     COMMON   BANK0   BANK1   BANK3   BANK2
      Params:         0       1       0       0       0
      Locals:         0       1       0       0       0
      Temps:          0       2       0       0       0
      Totals:         0       4       0       0       0
Total ram usage:        4 bytes
 Hardware stack levels used:    1
 Hardware stack levels required when called:    3
 This function calls:
		Nothing
 This function is called by:
		_ssd_vid_init
 This function uses a non-reentrant model


 *************** function _sch_vid_init *****************
 Defined at:
		line 19 in file "scheduler.c"
 Parameters:    Size  Location     Type
		None
 Auto vars:     Size  Location     Type
  i               1   13[BANK0 ] unsigned char 
 Return value:  Size  Location     Type
                  1    wreg      void 
 Registers used:
		wreg, fsr0l, fsr0h, status,2, status,0, pclath, cstack
 Tracked objects:
		On entry : 
		On exit  : 
		Unchanged: 
 Data sizes:     COMMON   BANK0   BANK1   BANK3   BANK2
      Params:         0       0       0       0       0
      Locals:         0       1       0       0       0
      Temps:          0       1       0       0       0
      Totals:         0       2       0       0       0
Total ram usage:        2 bytes
 Hardware stack levels used:    1
 Hardware stack levels required when called:    5
 This function calls:
		_sch_vid_delete_task
		_timer_vid_init_0
		_timer_vid_set_isr_0
 This function is called by:
		_main
 This function uses a non-reentrant model


 *************** function _timer_vid_set_isr_0 *****************
 Defined at:
		line 36 in file "timer.c"
 Parameters:    Size  Location     Type
  callback_fun    1    wreg     PTR FTN()void 
		 -> sch_update(1), 
 Auto vars:     Size  Location     Type
  callback_fun    1    7[BANK0 ] PTR FTN()void 
		 -> sch_update(1), 
 Return value:  Size  Location     Type
                  1    wreg      void 
 Registers used:
		wreg
 Tracked objects:
		On entry : 
		On exit  : 
		Unchanged: 
 Data sizes:     COMMON   BANK0   BANK1   BANK3   BANK2
      Params:         0       0       0       0       0
      Locals:         0       1       0       0       0
      Temps:          0       1       0       0       0
      Totals:         0       2       0       0       0
Total ram usage:        2 bytes
 Hardware stack levels used:    1
 Hardware stack levels required when called:    3
 This function calls:
		Nothing
 This function is called by:
		_sch_vid_init
 This function uses a non-reentrant model


 *************** function _timer_vid_init_0 *****************
 Defined at:
		line 48 in file "timer.c"
 Parameters:    Size  Location     Type
  prescaler       2    6[BANK0 ] unsigned short 
  interruptEna    1    8[BANK0 ] unsigned char 
 Auto vars:     Size  Location     Type
		None
 Return value:  Size  Location     Type
                  1    wreg      void 
 Registers used:
		wreg, fsr0l, fsr0h, status,2, status,0
 Tracked objects:
		On entry : 
		On exit  : 
		Unchanged: 
 Data sizes:     COMMON   BANK0   BANK1   BANK3   BANK2
      Params:         0       3       0       0       0
      Locals:         0       0       0       0       0
      Temps:          0       0       0       0       0
      Totals:         0       3       0       0       0
Total ram usage:        3 bytes
 Hardware stack levels used:    1
 Hardware stack levels required when called:    3
 This function calls:
		Nothing
 This function is called by:
		_sch_vid_init
 This function uses a non-reentrant model


 *************** function _sch_vid_dispatch_tasks *****************
 Defined at:
		line 73 in file "scheduler.c"
 Parameters:    Size  Location     Type
		None
 Auto vars:     Size  Location     Type
  index           1   22[BANK0 ] unsigned char 
 Return value:  Size  Location     Type
                  1    wreg      void 
 Registers used:
		wreg, fsr0l, fsr0h, status,2, status,0, btemp+1, pclath, cstack
 Tracked objects:
		On entry : 
		On exit  : 
		Unchanged: 
 Data sizes:     COMMON   BANK0   BANK1   BANK3   BANK2
      Params:         0       0       0       0       0
      Locals:         0       1       0       0       0
      Temps:          0       5       0       0       0
      Totals:         0       6       0       0       0
Total ram usage:        6 bytes
 Hardware stack levels used:    1
 Hardware stack levels required when called:    7
 This function calls:
		Absolute function
		___bmul
		_counter_vid_update
		_display_vid_blink
		_sch_vid_delete_task
		_ssd_vid_update
 This function is called by:
		_main
 This function uses a non-reentrant model


 *************** function _display_vid_blink *****************
 Defined at:
		line 32 in file "display.c"
 Parameters:    Size  Location     Type
		None
 Auto vars:     Size  Location     Type
		None
 Return value:  Size  Location     Type
                  1    wreg      void 
 Registers used:
		wreg, status,2, status,0, pclath, cstack
 Tracked objects:
		On entry : 
		On exit  : 
		Unchanged: 
 Data sizes:     COMMON   BANK0   BANK1   BANK3   BANK2
      Params:         0       0       0       0       0
      Locals:         0       0       0       0       0
      Temps:          0       0       0       0       0
      Totals:         0       0       0       0       0
Total ram usage:        0 bytes
 Hardware stack levels used:    1
 Hardware stack levels required when called:    4
 This function calls:
		_ssd_u8_get_state
		_ssd_vid_set_state
 This function is called by:
		_main
		_sch_vid_dispatch_tasks
 This function uses a non-reentrant model


 *************** function _counter_vid_update *****************
 Defined at:
		line 38 in file "counter.c"
 Parameters:    Size  Location     Type
		None
 Auto vars:     Size  Location     Type
		None
 Return value:  Size  Location     Type
                  1    wreg      void 
 Registers used:
		wreg, fsr0l, fsr0h, status,2, status,0, btemp+1, pclath, cstack
 Tracked objects:
		On entry : 
		On exit  : 
		Unchanged: 
 Data sizes:     COMMON   BANK0   BANK1   BANK3   BANK2
      Params:         0       0       0       0       0
      Locals:         0       0       0       0       0
      Temps:          0       2       0       0       0
      Totals:         0       2       0       0       0
Total ram usage:        2 bytes
 Hardware stack levels used:    1
 Hardware stack levels required when called:    6
 This function calls:
		_dio_u8_read_pin_value
		_eeprom_external_vid_write
		_ssd_vid_set_symbol
 This function is called by:
		_main
		_sch_vid_dispatch_tasks
 This function uses a non-reentrant model


 *************** function _ssd_vid_update *****************
 Defined at:
		line 31 in file "ssd.c"
 Parameters:    Size  Location     Type
		None
 Auto vars:     Size  Location     Type
  tens            1   16[BANK0 ] unsigned char 
  ones            1   15[BANK0 ] unsigned char 
 Return value:  Size  Location     Type
                  1    wreg      void 
 Registers used:
		wreg, fsr0l, fsr0h, status,2, status,0, pclath, cstack
 Tracked objects:
		On entry : 
		On exit  : 
		Unchanged: 
 Data sizes:     COMMON   BANK0   BANK1   BANK3   BANK2
      Params:         0       0       0       0       0
      Locals:         0       2       0       0       0
      Temps:          0       1       0       0       0
      Totals:         0       3       0       0       0
Total ram usage:        3 bytes
 Hardware stack levels used:    1
 Hardware stack levels required when called:    5
 This function calls:
		___lwdiv
		___lwmod
		_dio_u8_read_pin_value
		_dio_vid_set_pin_value
		_dio_vid_set_port_value
		_ssd_u8_get_code
 This function is called by:
		_main
		_sch_vid_dispatch_tasks
 This function uses a non-reentrant model


 *************** function _ssd_u8_get_code *****************
 Defined at:
		line 71 in file "ssd.c"
 Parameters:    Size  Location     Type
  number          1    wreg     unsigned char 
 Auto vars:     Size  Location     Type
  number          1    8[BANK0 ] unsigned char 
 Return value:  Size  Location     Type
                  1    wreg      unsigned char 
 Registers used:
		wreg, fsr0l, fsr0h, status,2, status,0
 Tracked objects:
		On entry : 
		On exit  : 
		Unchanged: 
 Data sizes:     COMMON   BANK0   BANK1   BANK3   BANK2
      Params:         0       0       0       0       0
      Locals:         0       1       0       0       0
      Temps:          0       2       0       0       0
      Totals:         0       3       0       0       0
Total ram usage:        3 bytes
 Hardware stack levels used:    1
 Hardware stack levels required when called:    3
 This function calls:
		Nothing
 This function is called by:
		_ssd_vid_update
 This function uses a non-reentrant model


 *************** function _dio_vid_set_port_value *****************
 Defined at:
		line 33 in file "dio.c"
 Parameters:    Size  Location     Type
  portNumber      1    wreg     unsigned char 
  value           1    9[BANK0 ] unsigned char 
 Auto vars:     Size  Location     Type
  portNumber      1   12[BANK0 ] unsigned char 
 Return value:  Size  Location     Type
                  1    wreg      void 
 Registers used:
		wreg, fsr0l, fsr0h, status,2, status,0
 Tracked objects:
		On entry : 
		On exit  : 
		Unchanged: 
 Data sizes:     COMMON   BANK0   BANK1   BANK3   BANK2
      Params:         0       1       0       0       0
      Locals:         0       1       0       0       0
      Temps:          0       2       0       0       0
      Totals:         0       4       0       0       0
Total ram usage:        4 bytes
 Hardware stack levels used:    1
 Hardware stack levels required when called:    3
 This function calls:
		Nothing
 This function is called by:
		_ssd_vid_update
		_lcd_vid_write_charachter
		_lcd_vid_write_command
		_display_init
 This function uses a non-reentrant model


 *************** function _dio_vid_set_pin_value *****************
 Defined at:
		line 80 in file "dio.c"
 Parameters:    Size  Location     Type
  portNumber      1    wreg     unsigned char 
  index           1    6[BANK0 ] unsigned char 
  value           1    7[BANK0 ] unsigned char 
 Auto vars:     Size  Location     Type
  portNumber      1   10[BANK0 ] unsigned char 
 Return value:  Size  Location     Type
                  1    wreg      void 
 Registers used:
		wreg, fsr0l, fsr0h, status,2, status,0
 Tracked objects:
		On entry : 
		On exit  : 
		Unchanged: 
 Data sizes:     COMMON   BANK0   BANK1   BANK3   BANK2
      Params:         0       2       0       0       0
      Locals:         0       1       0       0       0
      Temps:          0       2       0       0       0
      Totals:         0       5       0       0       0
Total ram usage:        5 bytes
 Hardware stack levels used:    1
 Hardware stack levels required when called:    3
 This function calls:
		Nothing
 This function is called by:
		_ssd_vid_update
		_lcd_vid_write_charachter
		_lcd_vid_write_command
		_lcd_vid_init
		_display_init
 This function uses a non-reentrant model


 *************** function ___lwmod *****************
 Defined at:
		line 5 in file "C:\Program Files (x86)\Microchip\xc8\v2.10\pic\sources\c90\common\lwmod.c"
 Parameters:    Size  Location     Type
  divisor         2    6[BANK0 ] unsigned int 
  dividend        2    8[BANK0 ] unsigned int 
 Auto vars:     Size  Location     Type
  counter         1   11[BANK0 ] unsigned char 
 Return value:  Size  Location     Type
                  2    6[BANK0 ] unsigned int 
 Registers used:
		wreg, status,2, status,0
 Tracked objects:
		On entry : 
		On exit  : 
		Unchanged: 
 Data sizes:     COMMON   BANK0   BANK1   BANK3   BANK2
      Params:         0       4       0       0       0
      Locals:         0       1       0       0       0
      Temps:          0       1       0       0       0
      Totals:         0       6       0       0       0
Total ram usage:        6 bytes
 Hardware stack levels used:    1
 Hardware stack levels required when called:    3
 This function calls:
		Nothing
 This function is called by:
		_ssd_vid_update
		_display_update
 This function uses a non-reentrant model


 *************** function ___lwdiv *****************
 Defined at:
		line 5 in file "C:\Program Files (x86)\Microchip\xc8\v2.10\pic\sources\c90\common\lwdiv.c"
 Parameters:    Size  Location     Type
  divisor         2    6[BANK0 ] unsigned int 
  dividend        2    8[BANK0 ] unsigned int 
 Auto vars:     Size  Location     Type
  quotient        2   11[BANK0 ] unsigned int 
  counter         1   13[BANK0 ] unsigned char 
 Return value:  Size  Location     Type
                  2    6[BANK0 ] unsigned int 
 Registers used:
		wreg, status,2, status,0
 Tracked objects:
		On entry : 
		On exit  : 
		Unchanged: 
 Data sizes:     COMMON   BANK0   BANK1   BANK3   BANK2
      Params:         0       4       0       0       0
      Locals:         0       3       0       0       0
      Temps:          0       1       0       0       0
      Totals:         0       8       0       0       0
Total ram usage:        8 bytes
 Hardware stack levels used:    1
 Hardware stack levels required when called:    3
 This function calls:
		Nothing
 This function is called by:
		_ssd_vid_update
 This function uses a non-reentrant model


 *************** function _sch_vid_delete_task *****************
 Defined at:
		line 89 in file "scheduler.c"
 Parameters:    Size  Location     Type
  index           1    wreg     unsigned char 
 Auto vars:     Size  Location     Type
  index           1   11[BANK0 ] unsigned char 
 Return value:  Size  Location     Type
                  1    wreg      unsigned char 
 Registers used:
		wreg, fsr0l, fsr0h, status,2, status,0, pclath, cstack
 Tracked objects:
		On entry : 
		On exit  : 
		Unchanged: 
 Data sizes:     COMMON   BANK0   BANK1   BANK3   BANK2
      Params:         0       0       0       0       0
      Locals:         0       1       0       0       0
      Temps:          0       1       0       0       0
      Totals:         0       2       0       0       0
Total ram usage:        2 bytes
 Hardware stack levels used:    1
 Hardware stack levels required when called:    4
 This function calls:
		___bmul
 This function is called by:
		_sch_vid_init
		_sch_vid_dispatch_tasks
 This function uses a non-reentrant model


 *************** function _ssd_u8_get_state *****************
 Defined at:
		line 62 in file "ssd.c"
 Parameters:    Size  Location     Type
		None
 Auto vars:     Size  Location     Type
		None
 Return value:  Size  Location     Type
                  1    wreg      unsigned char 
 Registers used:
		wreg
 Tracked objects:
		On entry : 
		On exit  : 
		Unchanged: 
 Data sizes:     COMMON   BANK0   BANK1   BANK3   BANK2
      Params:         0       0       0       0       0
      Locals:         0       0       0       0       0
      Temps:          0       0       0       0       0
      Totals:         0       0       0       0       0
Total ram usage:        0 bytes
 Hardware stack levels used:    1
 Hardware stack levels required when called:    3
 This function calls:
		Nothing
 This function is called by:
		_display_vid_blink
 This function uses a non-reentrant model


 *************** function _eeprom_external_vid_write *****************
 Defined at:
		line 11 in file "eeprom_external.c"
 Parameters:    Size  Location     Type
  address         1    wreg     unsigned char 
  data            1    8[BANK0 ] unsigned char 
 Auto vars:     Size  Location     Type
  address         1    9[BANK0 ] unsigned char 
 Return value:  Size  Location     Type
                  1    wreg      void 
 Registers used:
		wreg, status,2, status,0, pclath, cstack
 Tracked objects:
		On entry : 
		On exit  : 
		Unchanged: 
 Data sizes:     COMMON   BANK0   BANK1   BANK3   BANK2
      Params:         0       1       0       0       0
      Locals:         0       1       0       0       0
      Temps:          0       0       0       0       0
      Totals:         0       2       0       0       0
Total ram usage:        2 bytes
 Hardware stack levels used:    1
 Hardware stack levels required when called:    5
 This function calls:
		_i2c_u8_master_write_byte
		_i2c_u8_master_write_slave_address_with_write_req
		_i2c_vid_restart
		_i2c_vid_start
		_i2c_vid_stop
 This function is called by:
		_counter_vid_update
 This function uses a non-reentrant model


 *************** function _dio_u8_read_pin_value *****************
 Defined at:
		line 75 in file "dio.c"
 Parameters:    Size  Location     Type
  portNumber      1    wreg     unsigned char 
  index           1    9[BANK0 ] unsigned char 
 Auto vars:     Size  Location     Type
  portNumber      1   11[BANK0 ] unsigned char 
  port            1   12[BANK0 ] unsigned char 
 Return value:  Size  Location     Type
                  1    wreg      unsigned char 
 Registers used:
		wreg, fsr0l, fsr0h, status,2, status,0, pclath, cstack
 Tracked objects:
		On entry : 
		On exit  : 
		Unchanged: 
 Data sizes:     COMMON   BANK0   BANK1   BANK3   BANK2
      Params:         0       1       0       0       0
      Locals:         0       2       0       0       0
      Temps:          0       1       0       0       0
      Totals:         0       4       0       0       0
Total ram usage:        4 bytes
 Hardware stack levels used:    1
 Hardware stack levels required when called:    4
 This function calls:
		_dio_u8_read_port_value
 This function is called by:
		_ssd_vid_update
		_counter_vid_update
 This function uses a non-reentrant model


 *************** function _dio_u8_read_port_value *****************
 Defined at:
		line 53 in file "dio.c"
 Parameters:    Size  Location     Type
  portNumber      1    wreg     unsigned char 
 Auto vars:     Size  Location     Type
  portNumber      1    8[BANK0 ] unsigned char 
 Return value:  Size  Location     Type
                  1    wreg      unsigned char 
 Registers used:
		wreg, fsr0l, fsr0h, status,2, status,0
 Tracked objects:
		On entry : 
		On exit  : 
		Unchanged: 
 Data sizes:     COMMON   BANK0   BANK1   BANK3   BANK2
      Params:         0       0       0       0       0
      Locals:         0       1       0       0       0
      Temps:          0       2       0       0       0
      Totals:         0       3       0       0       0
Total ram usage:        3 bytes
 Hardware stack levels used:    1
 Hardware stack levels required when called:    3
 This function calls:
		Nothing
 This function is called by:
		_dio_u8_read_pin_value
 This function uses a non-reentrant model


 *************** function _sch_u8_add_task *****************
 Defined at:
		line 49 in file "scheduler.c"
 Parameters:    Size  Location     Type
  taskFunction    1    wreg     PTR FTN()void 
		 -> ssd_vid_update(1), display_vid_blink(1), counter_vid_update(1), 
  delay           4   10[BANK0 ] const unsigned long 
  period          4   14[BANK0 ] const unsigned long 
 Auto vars:     Size  Location     Type
  taskFunction    1   20[BANK0 ] PTR FTN()void 
		 -> ssd_vid_update(1), display_vid_blink(1), counter_vid_update(1), 
  index           1   21[BANK0 ] unsigned char 
 Return value:  Size  Location     Type
                  1    wreg      unsigned char 
 Registers used:
		wreg, fsr0l, fsr0h, status,2, status,0, pclath, cstack
 Tracked objects:
		On entry : 
		On exit  : 
		Unchanged: 
 Data sizes:     COMMON   BANK0   BANK1   BANK3   BANK2
      Params:         0       8       0       0       0
      Locals:         0       2       0       0       0
      Temps:          0       2       0       0       0
      Totals:         0      12       0       0       0
Total ram usage:       12 bytes
 Hardware stack levels used:    1
 Hardware stack levels required when called:    4
 This function calls:
		___bmul
 This function is called by:
		_main
 This function uses a non-reentrant model


 *************** function ___bmul *****************
 Defined at:
		line 4 in file "C:\Program Files (x86)\Microchip\xc8\v2.10\pic\sources\c90\common\Umul8.c"
 Parameters:    Size  Location     Type
  multiplier      1    wreg     unsigned char 
  multiplicand    1    6[BANK0 ] unsigned char 
 Auto vars:     Size  Location     Type
  multiplier      1    9[BANK0 ] unsigned char 
  product         1    8[BANK0 ] unsigned char 
 Return value:  Size  Location     Type
                  1    wreg      unsigned char 
 Registers used:
		wreg, status,2, status,0
 Tracked objects:
		On entry : 
		On exit  : 
		Unchanged: 
 Data sizes:     COMMON   BANK0   BANK1   BANK3   BANK2
      Params:         0       1       0       0       0
      Locals:         0       2       0       0       0
      Temps:          0       1       0       0       0
      Totals:         0       4       0       0       0
Total ram usage:        4 bytes
 Hardware stack levels used:    1
 Hardware stack levels required when called:    3
 This function calls:
		Nothing
 This function is called by:
		_sch_update
		_sch_u8_add_task
		_sch_vid_dispatch_tasks
		_sch_vid_delete_task
 This function uses a non-reentrant model


 *************** function _i2c_vid_master_init *****************
 Defined at:
		line 16 in file "i2c.c"
 Parameters:    Size  Location     Type
		None
 Auto vars:     Size  Location     Type
		None
 Return value:  Size  Location     Type
                  1    wreg      void 
 Registers used:
		wreg, fsr0l, fsr0h, status,2, status,0, pclath, cstack
 Tracked objects:
		On entry : 
		On exit  : 
		Unchanged: 
 Data sizes:     COMMON   BANK0   BANK1   BANK3   BANK2
      Params:         0       0       0       0       0
      Locals:         0       0       0       0       0
      Temps:          0       1       0       0       0
      Totals:         0       1       0       0       0
Total ram usage:        1 bytes
 Hardware stack levels used:    1
 Hardware stack levels required when called:    4
 This function calls:
		_dio_vid_set_pin_direction
 This function is called by:
		_main
 This function uses a non-reentrant model


 *************** function _counter_vid_init *****************
 Defined at:
		line 26 in file "counter.c"
 Parameters:    Size  Location     Type
		None
 Auto vars:     Size  Location     Type
		None
 Return value:  Size  Location     Type
                  1    wreg      void 
 Registers used:
		wreg, fsr0l, fsr0h, status,2, status,0, pclath, cstack
 Tracked objects:
		On entry : 
		On exit  : 
		Unchanged: 
 Data sizes:     COMMON   BANK0   BANK1   BANK3   BANK2
      Params:         0       0       0       0       0
      Locals:         0       0       0       0       0
      Temps:          0       2       0       0       0
      Totals:         0       2       0       0       0
Total ram usage:        2 bytes
 Hardware stack levels used:    1
 Hardware stack levels required when called:    6
 This function calls:
		___awmod
		_dio_vid_set_pin_direction
		_eeprom_external_vid_read
		_ssd_vid_set_state
		_ssd_vid_set_symbol
 This function is called by:
		_main
 This function uses a non-reentrant model


 *************** function _ssd_vid_set_symbol *****************
 Defined at:
		line 58 in file "ssd.c"
 Parameters:    Size  Location     Type
  symbol          1    wreg     unsigned char 
 Auto vars:     Size  Location     Type
  symbol          1    8[BANK0 ] unsigned char 
 Return value:  Size  Location     Type
                  1    wreg      void 
 Registers used:
		wreg
 Tracked objects:
		On entry : 
		On exit  : 
		Unchanged: 
 Data sizes:     COMMON   BANK0   BANK1   BANK3   BANK2
      Params:         0       0       0       0       0
      Locals:         0       1       0       0       0
      Temps:          0       2       0       0       0
      Totals:         0       3       0       0       0
Total ram usage:        3 bytes
 Hardware stack levels used:    1
 Hardware stack levels required when called:    3
 This function calls:
		Nothing
 This function is called by:
		_counter_vid_init
		_counter_vid_update
 This function uses a non-reentrant model


 *************** function _ssd_vid_set_state *****************
 Defined at:
		line 66 in file "ssd.c"
 Parameters:    Size  Location     Type
  state           1    wreg     unsigned char 
 Auto vars:     Size  Location     Type
  state           1    7[BANK0 ] unsigned char 
 Return value:  Size  Location     Type
                  1    wreg      void 
 Registers used:
		wreg
 Tracked objects:
		On entry : 
		On exit  : 
		Unchanged: 
 Data sizes:     COMMON   BANK0   BANK1   BANK3   BANK2
      Params:         0       0       0       0       0
      Locals:         0       1       0       0       0
      Temps:          0       1       0       0       0
      Totals:         0       2       0       0       0
Total ram usage:        2 bytes
 Hardware stack levels used:    1
 Hardware stack levels required when called:    3
 This function calls:
		Nothing
 This function is called by:
		_counter_vid_init
		_display_vid_blink
 This function uses a non-reentrant model


 *************** function _eeprom_external_vid_read *****************
 Defined at:
		line 20 in file "eeprom_external.c"
 Parameters:    Size  Location     Type
  address         1    wreg     unsigned char 
 Auto vars:     Size  Location     Type
  address         1    9[BANK0 ] unsigned char 
  data            1   10[BANK0 ] unsigned char 
 Return value:  Size  Location     Type
                  1    wreg      unsigned char 
 Registers used:
		wreg, status,2, status,0, pclath, cstack
 Tracked objects:
		On entry : 
		On exit  : 
		Unchanged: 
 Data sizes:     COMMON   BANK0   BANK1   BANK3   BANK2
      Params:         0       0       0       0       0
      Locals:         0       2       0       0       0
      Temps:          0       1       0       0       0
      Totals:         0       3       0       0       0
Total ram usage:        3 bytes
 Hardware stack levels used:    1
 Hardware stack levels required when called:    5
 This function calls:
		_i2c_u8_master_read_byte
		_i2c_u8_master_write_byte
		_i2c_u8_master_write_slave_address_with_read_req
		_i2c_u8_master_write_slave_address_with_write_req
		_i2c_vid_nack
		_i2c_vid_restart
		_i2c_vid_start
		_i2c_vid_stop
 This function is called by:
		_counter_vid_init
 This function uses a non-reentrant model


 *************** function _i2c_vid_stop *****************
 Defined at:
		line 43 in file "i2c.c"
 Parameters:    Size  Location     Type
		None
 Auto vars:     Size  Location     Type
		None
 Return value:  Size  Location     Type
                  1    wreg      void 
 Registers used:
		wreg, status,2, status,0, pclath, cstack
 Tracked objects:
		On entry : 
		On exit  : 
		Unchanged: 
 Data sizes:     COMMON   BANK0   BANK1   BANK3   BANK2
      Params:         0       0       0       0       0
      Locals:         0       0       0       0       0
      Temps:          0       0       0       0       0
      Totals:         0       0       0       0       0
Total ram usage:        0 bytes
 Hardware stack levels used:    1
 Hardware stack levels required when called:    4
 This function calls:
		_i2c_vid_wait
 This function is called by:
		_eeprom_external_vid_write
		_eeprom_external_vid_read
 This function uses a non-reentrant model


 *************** function _i2c_vid_start *****************
 Defined at:
		line 37 in file "i2c.c"
 Parameters:    Size  Location     Type
		None
 Auto vars:     Size  Location     Type
		None
 Return value:  Size  Location     Type
                  1    wreg      void 
 Registers used:
		wreg, status,2, status,0, pclath, cstack
 Tracked objects:
		On entry : 
		On exit  : 
		Unchanged: 
 Data sizes:     COMMON   BANK0   BANK1   BANK3   BANK2
      Params:         0       0       0       0       0
      Locals:         0       0       0       0       0
      Temps:          0       0       0       0       0
      Totals:         0       0       0       0       0
Total ram usage:        0 bytes
 Hardware stack levels used:    1
 Hardware stack levels required when called:    4
 This function calls:
		_i2c_vid_wait
 This function is called by:
		_eeprom_external_vid_write
		_eeprom_external_vid_read
 This function uses a non-reentrant model


 *************** function _i2c_vid_restart *****************
 Defined at:
		line 49 in file "i2c.c"
 Parameters:    Size  Location     Type
		None
 Auto vars:     Size  Location     Type
		None
 Return value:  Size  Location     Type
                  1    wreg      void 
 Registers used:
		wreg, status,2, status,0, pclath, cstack
 Tracked objects:
		On entry : 
		On exit  : 
		Unchanged: 
 Data sizes:     COMMON   BANK0   BANK1   BANK3   BANK2
      Params:         0       0       0       0       0
      Locals:         0       0       0       0       0
      Temps:          0       0       0       0       0
      Totals:         0       0       0       0       0
Total ram usage:        0 bytes
 Hardware stack levels used:    1
 Hardware stack levels required when called:    4
 This function calls:
		_i2c_vid_wait
 This function is called by:
		_eeprom_external_vid_write
		_eeprom_external_vid_read
 This function uses a non-reentrant model


 *************** function _i2c_vid_nack *****************
 Defined at:
		line 65 in file "i2c.c"
 Parameters:    Size  Location     Type
		None
 Auto vars:     Size  Location     Type
		None
 Return value:  Size  Location     Type
                  1    wreg      void 
 Registers used:
		wreg, status,2, status,0, pclath, cstack
 Tracked objects:
		On entry : 
		On exit  : 
		Unchanged: 
 Data sizes:     COMMON   BANK0   BANK1   BANK3   BANK2
      Params:         0       0       0       0       0
      Locals:         0       0       0       0       0
      Temps:          0       0       0       0       0
      Totals:         0       0       0       0       0
Total ram usage:        0 bytes
 Hardware stack levels used:    1
 Hardware stack levels required when called:    4
 This function calls:
		_i2c_vid_wait
 This function is called by:
		_eeprom_external_vid_read
 This function uses a non-reentrant model


 *************** function _i2c_u8_master_write_slave_address_with_write_req *****************
 Defined at:
		line 71 in file "i2c.c"
 Parameters:    Size  Location     Type
  address         1    wreg     unsigned char 
 Auto vars:     Size  Location     Type
  address         1    7[BANK0 ] unsigned char 
 Return value:  Size  Location     Type
                  1    wreg      unsigned char 
 Registers used:
		wreg, status,2, status,0, pclath, cstack
 Tracked objects:
		On entry : 
		On exit  : 
		Unchanged: 
 Data sizes:     COMMON   BANK0   BANK1   BANK3   BANK2
      Params:         0       0       0       0       0
      Locals:         0       1       0       0       0
      Temps:          0       1       0       0       0
      Totals:         0       2       0       0       0
Total ram usage:        2 bytes
 Hardware stack levels used:    1
 Hardware stack levels required when called:    4
 This function calls:
		_i2c_vid_wait
 This function is called by:
		_eeprom_external_vid_write
		_eeprom_external_vid_read
 This function uses a non-reentrant model


 *************** function _i2c_u8_master_write_slave_address_with_read_req *****************
 Defined at:
		line 82 in file "i2c.c"
 Parameters:    Size  Location     Type
  address         1    wreg     unsigned char 
 Auto vars:     Size  Location     Type
  address         1    6[BANK0 ] unsigned char 
 Return value:  Size  Location     Type
                  1    wreg      unsigned char 
 Registers used:
		wreg, status,2, status,0, pclath, cstack
 Tracked objects:
		On entry : 
		On exit  : 
		Unchanged: 
 Data sizes:     COMMON   BANK0   BANK1   BANK3   BANK2
      Params:         0       0       0       0       0
      Locals:         0       1       0       0       0
      Temps:          0       0       0       0       0
      Totals:         0       1       0       0       0
Total ram usage:        1 bytes
 Hardware stack levels used:    1
 Hardware stack levels required when called:    4
 This function calls:
		_i2c_vid_wait
 This function is called by:
		_eeprom_external_vid_read
 This function uses a non-reentrant model


 *************** function _i2c_u8_master_write_byte *****************
 Defined at:
		line 93 in file "i2c.c"
 Parameters:    Size  Location     Type
  data            1    wreg     unsigned char 
 Auto vars:     Size  Location     Type
  data            1    6[BANK0 ] unsigned char 
 Return value:  Size  Location     Type
                  1    wreg      unsigned char 
 Registers used:
		wreg, status,2, status,0, pclath, cstack
 Tracked objects:
		On entry : 
		On exit  : 
		Unchanged: 
 Data sizes:     COMMON   BANK0   BANK1   BANK3   BANK2
      Params:         0       0       0       0       0
      Locals:         0       1       0       0       0
      Temps:          0       0       0       0       0
      Totals:         0       1       0       0       0
Total ram usage:        1 bytes
 Hardware stack levels used:    1
 Hardware stack levels required when called:    4
 This function calls:
		_i2c_vid_wait
 This function is called by:
		_eeprom_external_vid_write
		_eeprom_external_vid_read
 This function uses a non-reentrant model


 *************** function _i2c_u8_master_read_byte *****************
 Defined at:
		line 103 in file "i2c.c"
 Parameters:    Size  Location     Type
		None
 Auto vars:     Size  Location     Type
		None
 Return value:  Size  Location     Type
                  1    wreg      unsigned char 
 Registers used:
		wreg, status,2, status,0, pclath, cstack
 Tracked objects:
		On entry : 
		On exit  : 
		Unchanged: 
 Data sizes:     COMMON   BANK0   BANK1   BANK3   BANK2
      Params:         0       0       0       0       0
      Locals:         0       0       0       0       0
      Temps:          0       0       0       0       0
      Totals:         0       0       0       0       0
Total ram usage:        0 bytes
 Hardware stack levels used:    1
 Hardware stack levels required when called:    4
 This function calls:
		_i2c_vid_wait
 This function is called by:
		_eeprom_external_vid_read
 This function uses a non-reentrant model


 *************** function _i2c_vid_wait *****************
 Defined at:
		line 55 in file "i2c.c"
 Parameters:    Size  Location     Type
		None
 Auto vars:     Size  Location     Type
		None
 Return value:  Size  Location     Type
                  1    wreg      void 
 Registers used:
		wreg, status,2
 Tracked objects:
		On entry : 
		On exit  : 
		Unchanged: 
 Data sizes:     COMMON   BANK0   BANK1   BANK3   BANK2
      Params:         0       0       0       0       0
      Locals:         0       0       0       0       0
      Temps:          0       0       0       0       0
      Totals:         0       0       0       0       0
Total ram usage:        0 bytes
 Hardware stack levels used:    1
 Hardware stack levels required when called:    3
 This function calls:
		Nothing
 This function is called by:
		_i2c_vid_start
		_i2c_vid_stop
		_i2c_vid_restart
		_i2c_vid_nack
		_i2c_u8_master_write_slave_address_with_write_req
		_i2c_u8_master_write_slave_address_with_read_req
		_i2c_u8_master_write_byte
		_i2c_u8_master_read_byte
		_i2c_vid_ack
 This function uses a non-reentrant model


 *************** function _dio_vid_set_pin_direction *****************
 Defined at:
		line 116 in file "dio.c"
 Parameters:    Size  Location     Type
  portNumber      1    wreg     unsigned char 
  index           1    6[BANK0 ] unsigned char 
  direction       1    7[BANK0 ] unsigned char 
 Auto vars:     Size  Location     Type
  portNumber      1   10[BANK0 ] unsigned char 
 Return value:  Size  Location     Type
                  1    wreg      void 
 Registers used:
		wreg, fsr0l, fsr0h, status,2, status,0
 Tracked objects:
		On entry : 
		On exit  : 
		Unchanged: 
 Data sizes:     COMMON   BANK0   BANK1   BANK3   BANK2
      Params:         0       2       0       0       0
      Locals:         0       1       0       0       0
      Temps:          0       2       0       0       0
      Totals:         0       5       0       0       0
Total ram usage:        5 bytes
 Hardware stack levels used:    1
 Hardware stack levels required when called:    3
 This function calls:
		Nothing
 This function is called by:
		_ssd_vid_init
		_i2c_vid_master_init
		_counter_vid_init
		_lcd_vid_init
		_display_init
 This function uses a non-reentrant model


 *************** function ___awmod *****************
 Defined at:
		line 5 in file "C:\Program Files (x86)\Microchip\xc8\v2.10\pic\sources\c90\common\awmod.c"
 Parameters:    Size  Location     Type
  divisor         2    6[BANK0 ] int 
  dividend        2    8[BANK0 ] int 
 Auto vars:     Size  Location     Type
  sign            1   12[BANK0 ] unsigned char 
  counter         1   11[BANK0 ] unsigned char 
 Return value:  Size  Location     Type
                  2    6[BANK0 ] int 
 Registers used:
		wreg, status,2, status,0
 Tracked objects:
		On entry : 
		On exit  : 
		Unchanged: 
 Data sizes:     COMMON   BANK0   BANK1   BANK3   BANK2
      Params:         0       4       0       0       0
      Locals:         0       2       0       0       0
      Temps:          0       1       0       0       0
      Totals:         0       7       0       0       0
Total ram usage:        7 bytes
 Hardware stack levels used:    1
 Hardware stack levels required when called:    3
 This function calls:
		Nothing
 This function is called by:
		_counter_vid_init
 This function uses a non-reentrant model


 *************** function _timer_isr *****************
 Defined at:
		line 21 in file "timer.c"
 Parameters:    Size  Location     Type
		None
 Auto vars:     Size  Location     Type
		None
 Return value:  Size  Location     Type
                  1    wreg      void 
 Registers used:
		wreg, fsr0l, fsr0h, status,2, status,0, pclath, cstack
 Tracked objects:
		On entry : 
		On exit  : 
		Unchanged: 
 Data sizes:     COMMON   BANK0   BANK1   BANK3   BANK2
      Params:         0       0       0       0       0
      Locals:         0       0       0       0       0
      Temps:          0       6       0       0       0
      Totals:         0       6       0       0       0
Total ram usage:        6 bytes
 Hardware stack levels used:    1
 Hardware stack levels required when called:    2
 This function calls:
		Absolute function
		_sch_update
 This function is called by:
		Interrupt level 1
 This function uses a non-reentrant model


 *************** function _sch_update *****************
 Defined at:
		line 29 in file "scheduler.c"
 Parameters:    Size  Location     Type
		None
 Auto vars:     Size  Location     Type
  index           1   10[COMMON] unsigned char 
 Return value:  Size  Location     Type
                  1    wreg      void 
 Registers used:
		wreg, fsr0l, fsr0h, status,2, status,0, pclath, cstack
 Tracked objects:
		On entry : 
		On exit  : 
		Unchanged: 
 Data sizes:     COMMON   BANK0   BANK1   BANK3   BANK2
      Params:         0       0       0       0       0
      Locals:         1       0       0       0       0
      Temps:          6       0       0       0       0
      Totals:         7       0       0       0       0
Total ram usage:        7 bytes
 Hardware stack levels used:    1
 Hardware stack levels required when called:    1
 This function calls:
		i1___bmul
 This function is called by:
		_sch_vid_init
		_timer_isr
 This function uses a non-reentrant model


 *************** function i1___bmul *****************
 Defined at:
		line 4 in file "C:\Program Files (x86)\Microchip\xc8\v2.10\pic\sources\c90\common\Umul8.c"
 Parameters:    Size  Location     Type
  multiplier      1    wreg     unsigned char 
  multiplicand    1    0[COMMON] unsigned char 
 Auto vars:     Size  Location     Type
  multiplier      1    2[COMMON] unsigned char 
  __bmul          1    3[COMMON] unsigned char 
 Return value:  Size  Location     Type
                  1    wreg      unsigned char 
 Registers used:
		wreg, status,2, status,0
 Tracked objects:
		On entry : 
		On exit  : 
		Unchanged: 
 Data sizes:     COMMON   BANK0   BANK1   BANK3   BANK2
      Params:         1       0       0       0       0
      Locals:         2       0       0       0       0
      Temps:          1       0       0       0       0
      Totals:         4       0       0       0       0
Total ram usage:        4 bytes
 Hardware stack levels used:    1
 This function calls:
		Nothing
 This function is called by:
		_sch_update
 This function uses a non-reentrant model



MODULE INFORMATION

Module		Function		Class		Link	Load	Size
ssd.c
		_ssd_vid_set_symbol		CODE           	0CFC	0000	12
		_ssd_u8_get_state		CODE           	0CC5	0000	5
		_ssd_vid_init  		CODE           	0DBB	0000	37
		_ssd_u8_get_code		CODE           	07BD	0000	68
		_ssd_vid_set_state		CODE           	0CC9	0000	9
		_ssd_vid_update		CODE           	03AC	0000	180

ssd.c estimated size: 311

C:\Program Files (x86)\Microchip\xc8\v2.10\pic\sources\c90\common\lwdiv.c
		___lwdiv       		CODE           	0F70	0000	71

C:\Program Files (x86)\Microchip\xc8\v2.10\pic\sources\c90\common\lwdiv.c estimated size: 71

eeprom_external.c
		_eeprom_external_vid_read		CODE           	0FB6	0000	75
		_eeprom_external_vid_write		CODE           	0E8A	0000	54

eeprom_external.c estimated size: 129

C:\Program Files (x86)\Microchip\xc8\v2.10\pic\sources\c90\common\Umul8.c
		___bmul        		CODE           	0D71	0000	24

C:\Program Files (x86)\Microchip\xc8\v2.10\pic\sources\c90\common\Umul8.c estimated size: 24

timer.c
		_timer_vid_init_0		CODE           	0647	0000	102
		_timer_isr     		CODE           	0763	0000	91
		_timer_vid_set_isr_0		CODE           	0CD1	0000	9

timer.c estimated size: 202

dio.c
		_dio_vid_set_pin_value		CODE           	0145	0000	226
		_dio_u8_read_port_value		CODE           	0DDF	0000	42
		_dio_vid_set_port_direction		CODE           	0EBF	0000	56
		_dio_u8_read_pin_value		CODE           	0DA1	0000	27
		_dio_vid_set_port_value		CODE           	0E5D	0000	46
		_dio_vid_set_pin_direction		CODE           	0050	0000	246

dio.c estimated size: 643

i2c.c
		_i2c_vid_start 		CODE           	0CEA	0000	10
		_i2c_u8_master_write_byte		CODE           	0D20	0000	19
		_i2c_u8_master_write_slave_address_with_write_req		CODE           	0D88	0000	26
		_i2c_vid_master_init		CODE           	0E31	0000	45
		_i2c_u8_master_read_byte		CODE           	0D5A	0000	24
		_i2c_vid_restart		CODE           	0CE1	0000	10
		_i2c_u8_master_write_slave_address_with_read_req		CODE           	0D32	0000	20
		_i2c_vid_nack  		CODE           	0D07	0000	13
		_i2c_vid_wait  		CODE           	0D13	0000	14
		_i2c_vid_stop  		CODE           	0CF3	0000	10

i2c.c estimated size: 191

shared
		__i1fptable    		ENTRY          	0047	0000	10
		__initialization		CODE           	0015	0000	31
		__fptable      		ENTRY          	0037	0000	17
		i1___bmul      		CODE           	0D45	0000	22

shared estimated size: 80

C:\Program Files (x86)\Microchip\xc8\v2.10\pic\sources\c90\common\lwmod.c
		___lwmod       		CODE           	0EF6	0000	61

C:\Program Files (x86)\Microchip\xc8\v2.10\pic\sources\c90\common\lwmod.c estimated size: 61

display.c
		_display_vid_blink		CODE           	0F32	0000	63

display.c estimated size: 63

C:\Program Files (x86)\Microchip\xc8\v2.10\pic\sources\c90\common\awmod.c
		___awmod       		CODE           	0708	0000	92

C:\Program Files (x86)\Microchip\xc8\v2.10\pic\sources\c90\common\awmod.c estimated size: 92

counter.c
		_counter_vid_init		CODE           	06AC	0000	93
		_counter_vid_update		CODE           	02F5	0000	184

counter.c estimated size: 277

scheduler.c
		_sch_vid_init  		CODE           	0E08	0000	42
		_sch_u8_add_task		CODE           	04F0	0000	141
		_sch_update    		CODE           	0226	0000	208
		_sch_vid_delete_task		CODE           	057C	0000	103
		_sch_vid_dispatch_tasks		CODE           	045F	0000	146

scheduler.c estimated size: 640

main.c
		_main          		CODE           	05E2	0000	102

main.c estimated size: 102

